<html>
<body>
<pre>
<h1>µVision Build Log</h1>
<h2>Tool Versions:</h2>
IDE-Version: µVision V5.38.0.0
Copyright (C) 2022 ARM Ltd and ARM Germany GmbH. All rights reserved.
License Information: Cezary Kownacki, Bialystok University of technology, LIC=----
 
Tool Versions:
Toolchain:       MDK-Lite  Version: 5.38.0.0
Toolchain Path:  C:\Keil\ARM\ARMCC\Bin
C Compiler:      Armcc.exe V5.06 update 7 (build 960)
Assembler:       Armasm.exe V5.06 update 7 (build 960)
Linker/Locator:  ArmLink.exe V5.06 update 7 (build 960)
Library Manager: ArmAr.exe V5.06 update 7 (build 960)
Hex Converter:   FromElf.exe V5.06 update 7 (build 960)
CPU DLL:         SARMCM3.DLL V5.38.0.0
Dialog DLL:      DCM.DLL V1.17.5.0
Target DLL:      STLink\ST-LINKIII-KEIL_SWO.dll V3.1.0.0
Dialog DLL:      TCM.DLL V1.56.4.0
 
<h2>Project:</h2>
C:\Users\Cezary Kownacki\STM32Cube\SPwR\zad 2-2\MDK-ARM\zadanie1.uvprojx
Project File Date:  03/17/2023

<h2>Output:</h2>
*** Using Compiler 'V5.06 update 7 (build 960)', folder: 'C:\Keil\ARM\ARMCC\Bin'
Rebuild target 'zadanie1'
assembling startup_stm32f103xb.s...
compiling stm32f1xx_hal_gpio_ex.c...
compiling stm32f1xx_hal_msp.c...
compiling stm32f1xx_it.c...
compiling lcd4bit.c...
..\Core\Src\lcd4bit.c(125): warning:  #188-D: enumerated type mixed with another type
  	HAL_GPIO_WritePin(lcd->rs_port, lcd->rs_pin, LCD_COMMAND_REG);		// Write to command register
..\Core\Src\lcd4bit.c(144): warning:  #188-D: enumerated type mixed with another type
  	HAL_GPIO_WritePin(lcd->rs_port, lcd->rs_pin, LCD_DATA_REG);			// Write to data register
..\Core\Src\lcd4bit.c(165): warning:  #188-D: enumerated type mixed with another type
  		HAL_GPIO_WritePin(lcd->data_port[i], lcd->data_pin[i], (data >> i) & 0x01);
..\Core\Src\lcd4bit.c(168): warning:  #188-D: enumerated type mixed with another type
  	HAL_GPIO_WritePin(lcd->en_port, lcd->en_pin, 1);
..\Core\Src\lcd4bit.c(170): warning:  #188-D: enumerated type mixed with another type
  	HAL_GPIO_WritePin(lcd->en_port, lcd->en_pin, 0); 		// Data receive on falling edge
..\Core\Src\lcd4bit.c: 5 warnings, 0 errors
compiling stm32f1xx_hal_pcd_ex.c...
compiling main.c...
../Core/Src/main.c(71): warning:  #1295-D: Deprecated declaration crcCheck - give arg types
  int crcCheck();
../Core/Src/main.c(309): warning:  #188-D: enumerated type mixed with another type
       HAL_GPIO_WritePin(GPIOA,GPIO_PIN_12,0);
../Core/Src/main.c(317): warning:  #550-D: variable "NMEA_Ready"  was set but never used
  		static int NMEA_Ready =0;
../Core/Src/main.c: 3 warnings, 0 errors
compiling stm32f1xx_hal_pcd.c...
compiling stm32f1xx_hal_cortex.c...
compiling stm32f1xx_hal.c...
compiling stm32f1xx_hal_gpio.c...
compiling stm32f1xx_hal_rcc_ex.c...
compiling stm32f1xx_hal_dma.c...
compiling stm32f1xx_ll_usb.c...
compiling stm32f1xx_hal_rcc.c...
compiling stm32f1xx_hal_tim_ex.c...
compiling stm32f1xx_hal_exti.c...
compiling stm32f1xx_hal_flash.c...
compiling stm32f1xx_hal_tim.c...
compiling stm32f1xx_hal_flash_ex.c...
compiling stm32f1xx_hal_pwr.c...
compiling stm32f1xx_hal_uart.c...
compiling usbd_desc.c...
compiling usbd_core.c...
compiling system_stm32f1xx.c...
compiling usbd_ctlreq.c...
compiling usbd_cdc_if.c...
../USB_DEVICE/App/usbd_cdc_if.c(276): warning:  #940-D: missing return statement at end of non-void function "CDC_Receive_FS" 
  }
../USB_DEVICE/App/usbd_cdc_if.c: 1 warning, 0 errors
compiling usb_device.c...
compiling usbd_conf.c...
compiling usbd_ioreq.c...
compiling usbd_cdc.c...
linking...
Program Size: Code=15520 RO-data=428 RW-data=448 ZI-data=4024  
FromELF: creating hex file...
".\zadanie1.axf" - 0 Error(s), 9 Warning(s).

<h2>Software Packages used:</h2>

Package Vendor: ARM
                http://www.keil.com/pack/ARM.CMSIS.5.9.0.pack
                ARM.CMSIS.5.9.0
                CMSIS (Common Microcontroller Software Interface Standard)
   * Component: CORE Version: 5.6.0

Package Vendor: Keil
                http://www.keil.com/pack/Keil.STM32F1xx_DFP.2.4.0.pack
                Keil.STM32F1xx_DFP.2.4.0
                STMicroelectronics STM32F1 Series Device Support, Drivers and Examples

<h2>Collection of Component include folders:</h2>
  ./RTE/_zadanie1
  C:/Keil/ARM/PACK/ARM/CMSIS/5.9.0/CMSIS/Core/Include
  C:/Keil/ARM/PACK/Keil/STM32F1xx_DFP/2.4.0/Device/Include

<h2>Collection of Component Files used:</h2>

   * Component: ARM::CMSIS:CORE:5.6.0
      Include file:  CMSIS/Core/Include/tz_context.h
Build Time Elapsed:  00:00:14
</pre>
</body>
</html>
