../Core/Src/stm32f1xx_it.c:71:6:NMI_Handler	4	static
../Core/Src/stm32f1xx_it.c:86:6:HardFault_Handler	8	static
../Core/Src/stm32f1xx_it.c:103:6:MemManage_Handler	4	static
../Core/Src/stm32f1xx_it.c:118:6:BusFault_Handler	8	static
../Core/Src/stm32f1xx_it.c:135:6:UsageFault_Handler	8	static
../Core/Src/stm32f1xx_it.c:152:6:SVC_Handler	4	static
../Core/Src/stm32f1xx_it.c:165:6:DebugMon_Handler	4	static
../Core/Src/stm32f1xx_it.c:178:6:PendSV_Handler	4	static
../Core/Src/stm32f1xx_it.c:191:6:SysTick_Handler	8	static
../Core/Src/stm32f1xx_it.c:212:6:USB_LP_CAN1_RX0_IRQHandler	8	static
../Core/Src/stm32f1xx_it.c:226:6:USART1_IRQHandler	8	static
