../Core/Src/main.c:108:5:main	8	static
../Core/Src/main.c:196:6:SystemClock_Config	88	static
../Core/Src/main.c:243:13:MX_I2C1_Init	8	static
../Core/Src/main.c:277:13:MX_USART1_UART_Init	8	static
../Core/Src/main.c:310:13:MX_GPIO_Init	40	static
../Core/Src/main.c:334:7:calculate_CheckSum	24	static
../Core/Src/main.c:344:6:pomiar	40	static
../Core/Src/main.c:376:7:scan	32	static
../Core/Src/main.c:402:8:zeruj	4	static
../Core/Src/main.c:408:8:zeruj2	24	static
../Core/Src/main.c:416:7:rozmiar	24	static
../Core/Src/main.c:426:8:USB_tx	16	static
../Core/Src/main.c:456:8:dane	32	static
../Core/Src/main.c:475:6:obliczenia	88	static
../Core/Src/main.c:525:6:Error_Handler	8	static,ignoring_inline_asm
