Component: ARM Compiler 5.06 update 7 (build 960) Tool: armlink [4d3601]

==============================================================================

Section Cross References

    startup_stm32f103xb.o(RESET) refers to startup_stm32f103xb.o(STACK) for __initial_sp
    startup_stm32f103xb.o(RESET) refers to startup_stm32f103xb.o(.text) for Reset_Handler
    startup_stm32f103xb.o(RESET) refers to stm32f1xx_it.o(i.NMI_Handler) for NMI_Handler
    startup_stm32f103xb.o(RESET) refers to stm32f1xx_it.o(i.HardFault_Handler) for HardFault_Handler
    startup_stm32f103xb.o(RESET) refers to stm32f1xx_it.o(i.MemManage_Handler) for MemManage_Handler
    startup_stm32f103xb.o(RESET) refers to stm32f1xx_it.o(i.BusFault_Handler) for BusFault_Handler
    startup_stm32f103xb.o(RESET) refers to stm32f1xx_it.o(i.UsageFault_Handler) for UsageFault_Handler
    startup_stm32f103xb.o(RESET) refers to stm32f1xx_it.o(i.SVC_Handler) for SVC_Handler
    startup_stm32f103xb.o(RESET) refers to stm32f1xx_it.o(i.DebugMon_Handler) for DebugMon_Handler
    startup_stm32f103xb.o(RESET) refers to stm32f1xx_it.o(i.PendSV_Handler) for PendSV_Handler
    startup_stm32f103xb.o(RESET) refers to stm32f1xx_it.o(i.SysTick_Handler) for SysTick_Handler
    startup_stm32f103xb.o(RESET) refers to stm32f1xx_it.o(i.USB_LP_CAN1_RX0_IRQHandler) for USB_LP_CAN1_RX0_IRQHandler
    startup_stm32f103xb.o(RESET) refers to stm32f1xx_it.o(i.USART1_IRQHandler) for USART1_IRQHandler
    startup_stm32f103xb.o(.text) refers to system_stm32f1xx.o(i.SystemInit) for SystemInit
    startup_stm32f103xb.o(.text) refers to entry.o(.ARM.Collect$$$$00000000) for __main
    main.o(i.Error_Handler) refers to stm32f1xx_hal.o(i.HAL_Delay) for HAL_Delay
    main.o(i.MX_GPIO_Init) refers to stm32f1xx_hal_gpio.o(i.HAL_GPIO_WritePin) for HAL_GPIO_WritePin
    main.o(i.MX_GPIO_Init) refers to stm32f1xx_hal_gpio.o(i.HAL_GPIO_Init) for HAL_GPIO_Init
    main.o(i.MX_I2C1_Init) refers to stm32f1xx_hal_i2c.o(i.HAL_I2C_Init) for HAL_I2C_Init
    main.o(i.MX_I2C1_Init) refers to main.o(i.Error_Handler) for Error_Handler
    main.o(i.MX_I2C1_Init) refers to main.o(.bss) for .bss
    main.o(i.SystemClock_Config) refers to memseta.o(.text) for __aeabi_memclr4
    main.o(i.SystemClock_Config) refers to stm32f1xx_hal_rcc.o(i.HAL_RCC_OscConfig) for HAL_RCC_OscConfig
    main.o(i.SystemClock_Config) refers to stm32f1xx_hal_rcc.o(i.HAL_RCC_ClockConfig) for HAL_RCC_ClockConfig
    main.o(i.SystemClock_Config) refers to stm32f1xx_hal_rcc_ex.o(i.HAL_RCCEx_PeriphCLKConfig) for HAL_RCCEx_PeriphCLKConfig
    main.o(i.SystemClock_Config) refers to main.o(i.Error_Handler) for Error_Handler
    main.o(i.USB_tx) refers to main.o(i.rozmiar) for rozmiar
    main.o(i.USB_tx) refers to main.o(i.calculate_CheckSum) for calculate_CheckSum
    main.o(i.USB_tx) refers to strcat.o(.text) for strcat
    main.o(i.USB_tx) refers to usbd_cdc_if.o(i.CDC_Transmit_FS) for CDC_Transmit_FS
    main.o(i.USB_tx) refers to main.o(.data) for .data
    main.o(i.USB_tx) refers to main.o(.bss) for .bss
    main.o(i.dane) refers to main.o(i.zeruj2) for zeruj2
    main.o(i.dane) refers to printfa.o(i.__0snprintf) for __2snprintf
    main.o(i.dane) refers to strcat.o(.text) for strcat
    main.o(i.dane) refers to main.o(.data) for .data
    main.o(i.dane) refers to main.o(.bss) for .bss
    main.o(i.main) refers to stm32f1xx_hal.o(i.HAL_Init) for HAL_Init
    main.o(i.main) refers to main.o(i.SystemClock_Config) for SystemClock_Config
    main.o(i.main) refers to main.o(i.MX_GPIO_Init) for MX_GPIO_Init
    main.o(i.main) refers to usb_device.o(i.MX_USB_DEVICE_Init) for MX_USB_DEVICE_Init
    main.o(i.main) refers to main.o(i.MX_I2C1_Init) for MX_I2C1_Init
    main.o(i.main) refers to stm32f1xx_hal_uart.o(i.HAL_MultiProcessor_Init) for HAL_MultiProcessor_Init
    main.o(i.main) refers to main.o(i.Error_Handler) for Error_Handler
    main.o(i.main) refers to strcat.o(.text) for strcat
    main.o(i.main) refers to stm32f1xx_hal.o(i.HAL_Delay) for HAL_Delay
    main.o(i.main) refers to main.o(i.obliczenia) for obliczenia
    main.o(i.main) refers to main.o(i.dane) for dane
    main.o(i.main) refers to main.o(i.zeruj) for zeruj
    main.o(i.main) refers to main.o(i.USB_tx) for USB_tx
    main.o(i.main) refers to main.o(.bss) for .bss
    main.o(i.main) refers to main.o(.data) for .data
    main.o(i.obliczenia) refers to main.o(i.scan) for scan
    main.o(i.obliczenia) refers to dmul.o(.text) for __aeabi_dmul
    main.o(i.obliczenia) refers to cos.o(i.cos) for cos
    main.o(i.obliczenia) refers to dadd.o(.text) for __aeabi_dadd
    main.o(i.obliczenia) refers to sin.o(i.sin) for sin
    main.o(i.obliczenia) refers to ddiv.o(.text) for __aeabi_ddiv
    main.o(i.obliczenia) refers to dscalb.o(.text) for __ARM_scalbn
    main.o(i.obliczenia) refers to main.o(i.zeruj) for zeruj
    main.o(i.obliczenia) refers to main.o(.data) for .data
    main.o(i.obliczenia) refers to main.o(.bss) for .bss
[...]
    I2C_WaitOnRXNEFlagUntilTimeout           0x080029d9   Thumb Code   106  stm32f1xx_hal_i2c.o(i.I2C_WaitOnRXNEFlagUntilTimeout)
    i.I2C_WaitOnTXEFlagUntilTimeout          0x08002a42   Section        0  stm32f1xx_hal_i2c.o(i.I2C_WaitOnTXEFlagUntilTimeout)
    I2C_WaitOnTXEFlagUntilTimeout            0x08002a43   Thumb Code    76  stm32f1xx_hal_i2c.o(i.I2C_WaitOnTXEFlagUntilTimeout)
    i.IntToUnicode                           0x08002a8e   Section        0  usbd_desc.o(i.IntToUnicode)
    IntToUnicode                             0x08002a8f   Thumb Code    54  usbd_desc.o(i.IntToUnicode)
    i.MX_GPIO_Init                           0x08002ac4   Section        0  main.o(i.MX_GPIO_Init)
    MX_GPIO_Init                             0x08002ac5   Thumb Code   104  main.o(i.MX_GPIO_Init)
    i.MX_I2C1_Init                           0x08002b34   Section        0  main.o(i.MX_I2C1_Init)
    MX_I2C1_Init                             0x08002b35   Thumb Code    46  main.o(i.MX_I2C1_Init)
    i.MX_USB_DEVICE_Init                     0x08002b70   Section        0  usb_device.o(i.MX_USB_DEVICE_Init)
    i.MemManage_Handler                      0x08002bc4   Section        0  stm32f1xx_it.o(i.MemManage_Handler)
    i.NMI_Handler                            0x08002bc6   Section        0  stm32f1xx_it.o(i.NMI_Handler)
    i.PCD_EP_ISR_Handler                     0x08002bc8   Section        0  stm32f1xx_hal_pcd.o(i.PCD_EP_ISR_Handler)
    PCD_EP_ISR_Handler                       0x08002bc9   Thumb Code   768  stm32f1xx_hal_pcd.o(i.PCD_EP_ISR_Handler)
    i.PendSV_Handler                         0x08002ec8   Section        0  stm32f1xx_it.o(i.PendSV_Handler)
    i.SVC_Handler                            0x08002eca   Section        0  stm32f1xx_it.o(i.SVC_Handler)
    i.SysTick_Handler                        0x08002ecc   Section        0  stm32f1xx_it.o(i.SysTick_Handler)
    i.SystemClock_Config                     0x08002ed0   Section        0  main.o(i.SystemClock_Config)
    i.SystemInit                             0x08002f3c   Section        0  system_stm32f1xx.o(i.SystemInit)
    i.UART_DMAAbortOnError                   0x08002f3e   Section        0  stm32f1xx_hal_uart.o(i.UART_DMAAbortOnError)
    UART_DMAAbortOnError                     0x08002f3f   Thumb Code    16  stm32f1xx_hal_uart.o(i.UART_DMAAbortOnError)
    i.UART_EndRxTransfer                     0x08002f4e   Section        0  stm32f1xx_hal_uart.o(i.UART_EndRxTransfer)
    UART_EndRxTransfer                       0x08002f4f   Thumb Code    48  stm32f1xx_hal_uart.o(i.UART_EndRxTransfer)
    i.UART_Receive_IT                        0x08002f7e   Section        0  stm32f1xx_hal_uart.o(i.UART_Receive_IT)
    UART_Receive_IT                          0x08002f7f   Thumb Code   182  stm32f1xx_hal_uart.o(i.UART_Receive_IT)
    i.UART_SetConfig                         0x08003034   Section        0  stm32f1xx_hal_uart.o(i.UART_SetConfig)
    UART_SetConfig                           0x08003035   Thumb Code   178  stm32f1xx_hal_uart.o(i.UART_SetConfig)
    i.USART1_IRQHandler                      0x080030ec   Section        0  stm32f1xx_it.o(i.USART1_IRQHandler)
    i.USBD_CDC_DataIn                        0x080030f8   Section        0  usbd_cdc.o(i.USBD_CDC_DataIn)
    USBD_CDC_DataIn                          0x080030f9   Thumb Code    70  usbd_cdc.o(i.USBD_CDC_DataIn)
    i.USBD_CDC_DataOut                       0x0800313e   Section        0  usbd_cdc.o(i.USBD_CDC_DataOut)
    USBD_CDC_DataOut                         0x0800313f   Thumb Code    46  usbd_cdc.o(i.USBD_CDC_DataOut)
    i.USBD_CDC_DeInit                        0x0800316c   Section        0  usbd_cdc.o(i.USBD_CDC_DeInit)
    USBD_CDC_DeInit                          0x0800316d   Thumb Code    68  usbd_cdc.o(i.USBD_CDC_DeInit)
    i.USBD_CDC_EP0_RxReady                   0x080031b0   Section        0  usbd_cdc.o(i.USBD_CDC_EP0_RxReady)
    USBD_CDC_EP0_RxReady                     0x080031b1   Thumb Code    36  usbd_cdc.o(i.USBD_CDC_EP0_RxReady)
    i.USBD_CDC_GetDeviceQualifierDescriptor  0x080031d4   Section        0  usbd_cdc.o(i.USBD_CDC_GetDeviceQualifierDescriptor)
    i.USBD_CDC_GetFSCfgDesc                  0x080031e0   Section        0  usbd_cdc.o(i.USBD_CDC_GetFSCfgDesc)
    USBD_CDC_GetFSCfgDesc                    0x080031e1   Thumb Code     8  usbd_cdc.o(i.USBD_CDC_GetFSCfgDesc)
    i.USBD_CDC_GetHSCfgDesc                  0x080031ec   Section        0  usbd_cdc.o(i.USBD_CDC_GetHSCfgDesc)
    USBD_CDC_GetHSCfgDesc                    0x080031ed   Thumb Code     8  usbd_cdc.o(i.USBD_CDC_GetHSCfgDesc)
    i.USBD_CDC_GetOtherSpeedCfgDesc          0x080031f8   Section        0  usbd_cdc.o(i.USBD_CDC_GetOtherSpeedCfgDesc)
    USBD_CDC_GetOtherSpeedCfgDesc            0x080031f9   Thumb Code     8  usbd_cdc.o(i.USBD_CDC_GetOtherSpeedCfgDesc)
    i.USBD_CDC_Init                          0x08003204   Section        0  usbd_cdc.o(i.USBD_CDC_Init)
    USBD_CDC_Init                            0x08003205   Thumb Code   148  usbd_cdc.o(i.USBD_CDC_Init)
    i.USBD_CDC_ReceivePacket                 0x08003298   Section        0  usbd_cdc.o(i.USBD_CDC_ReceivePacket)
    i.USBD_CDC_RegisterInterface             0x080032c0   Section        0  usbd_cdc.o(i.USBD_CDC_RegisterInterface)
    i.USBD_CDC_SetRxBuffer                   0x080032d0   Section        0  usbd_cdc.o(i.USBD_CDC_SetRxBuffer)
    i.USBD_CDC_SetTxBuffer                   0x080032dc   Section        0  usbd_cdc.o(i.USBD_CDC_SetTxBuffer)
    i.USBD_CDC_Setup                         0x080032ec   Section        0  usbd_cdc.o(i.USBD_CDC_Setup)
    USBD_CDC_Setup                           0x080032ed   Thumb Code   172  usbd_cdc.o(i.USBD_CDC_Setup)
    i.USBD_CDC_TransmitPacket                0x08003398   Section        0  usbd_cdc.o(i.USBD_CDC_TransmitPacket)
    i.USBD_ClrClassConfig                    0x080033ce   Section        0  usbd_core.o(i.USBD_ClrClassConfig)
    i.USBD_CtlContinueRx                     0x080033dc   Section        0  usbd_ioreq.o(i.USBD_CtlContinueRx)
    i.USBD_CtlContinueSendData               0x080033ec   Section        0  usbd_ioreq.o(i.USBD_CtlContinueSendData)
    i.USBD_CtlError                          0x080033fc   Section        0  usbd_ctlreq.o(i.USBD_CtlError)
    i.USBD_CtlPrepareRx                      0x08003412   Section        0  usbd_ioreq.o(i.USBD_CtlPrepareRx)
    i.USBD_CtlReceiveStatus                  0x08003430   Section        0  usbd_ioreq.o(i.USBD_CtlReceiveStatus)
    i.USBD_CtlSendData                       0x08003446   Section        0  usbd_ioreq.o(i.USBD_CtlSendData)
    i.USBD_CtlSendStatus                     0x08003460   Section        0  usbd_ioreq.o(i.USBD_CtlSendStatus)
    i.USBD_FS_ConfigStrDescriptor            0x08003478   Section        0  usbd_desc.o(i.USBD_FS_ConfigStrDescriptor)
    i.USBD_FS_DeviceDescriptor               0x08003498   Section        0  usbd_desc.o(i.USBD_FS_DeviceDescriptor)
    i.USBD_FS_InterfaceStrDescriptor         0x080034a4   Section        0  usbd_desc.o(i.USBD_FS_InterfaceStrDescriptor)
    i.USBD_FS_LangIDStrDescriptor            0x080034c8   Section        0  usbd_desc.o(i.USBD_FS_LangIDStrDescriptor)
    i.USBD_FS_ManufacturerStrDescriptor      0x080034d4   Section        0  usbd_desc.o(i.USBD_FS_ManufacturerStrDescriptor)
    i.USBD_FS_ProductStrDescriptor           0x080034fc   Section        0  usbd_desc.o(i.USBD_FS_ProductStrDescriptor)
    i.USBD_FS_SerialStrDescriptor            0x08003528   Section        0  usbd_desc.o(i.USBD_FS_SerialStrDescriptor)
    i.USBD_GetDescriptor                     0x08003560   Section        0  usbd_ctlreq.o(i.USBD_GetDescriptor)
    USBD_GetDescriptor                       0x08003561   Thumb Code   232  usbd_ctlreq.o(i.USBD_GetDescriptor)
    i.USBD_GetString                         0x08003648   Section        0  usbd_ctlreq.o(i.USBD_GetString)
    i.USBD_Get_USB_Status                    0x08003690   Section        0  usbd_conf.o(i.USBD_Get_USB_Status)
    USBD_Get_USB_Status                      0x08003691   Thumb Code    24  usbd_conf.o(i.USBD_Get_USB_Status)
    i.USBD_Init                              0x080036a8   Section        0  usbd_core.o(i.USBD_Init)
    i.USBD_LL_ClearStallEP                   0x080036d2   Section        0  usbd_conf.o(i.USBD_LL_ClearStallEP)
    i.USBD_LL_CloseEP                        0x080036e4   Section        0  usbd_conf.o(i.USBD_LL_CloseEP)
    i.USBD_LL_DataInStage                    0x080036f6   Section        0  usbd_core.o(i.USBD_LL_DataInStage)
    i.USBD_LL_DataOutStage                   0x080037bc   Section        0  usbd_core.o(i.USBD_LL_DataOutStage)
    i.USBD_LL_GetRxDataSize                  0x0800383e   Section        0  usbd_conf.o(i.USBD_LL_GetRxDataSize)
    i.USBD_LL_Init                           0x08003848   Section        0  usbd_conf.o(i.USBD_LL_Init)
    i.USBD_LL_IsStallEP                      0x080038c8   Section        0  usbd_conf.o(i.USBD_LL_IsStallEP)
    i.USBD_LL_OpenEP                         0x080038e8   Section        0  usbd_conf.o(i.USBD_LL_OpenEP)
    i.USBD_LL_PrepareReceive                 0x08003900   Section        0  usbd_conf.o(i.USBD_LL_PrepareReceive)
    i.USBD_LL_Reset                          0x08003912   Section        0  usbd_core.o(i.USBD_LL_Reset)
    i.USBD_LL_Resume                         0x08003962   Section        0  usbd_core.o(i.USBD_LL_Resume)
    i.USBD_LL_SOF                            0x08003976   Section        0  usbd_core.o(i.USBD_LL_SOF)
    i.USBD_LL_SetSpeed                       0x0800398e   Section        0  usbd_core.o(i.USBD_LL_SetSpeed)
    i.USBD_LL_SetUSBAddress                  0x08003994   Section        0  usbd_conf.o(i.USBD_LL_SetUSBAddress)
    i.USBD_LL_SetupStage                     0x080039a6   Section        0  usbd_core.o(i.USBD_LL_SetupStage)
    i.USBD_LL_StallEP                        0x08003a00   Section        0  usbd_conf.o(i.USBD_LL_StallEP)
    i.USBD_LL_Start                          0x08003a12   Section        0  usbd_conf.o(i.USBD_LL_Start)
    i.USBD_LL_Suspend                        0x08003a24   Section        0  usbd_core.o(i.USBD_LL_Suspend)
    i.USBD_LL_Transmit                       0x08003a36   Section        0  usbd_conf.o(i.USBD_LL_Transmit)
    i.USBD_ParseSetupRequest                 0x08003a48   Section        0  usbd_ctlreq.o(i.USBD_ParseSetupRequest)
    i.USBD_RegisterClass                     0x08003a70   Section        0  usbd_core.o(i.USBD_RegisterClass)
    i.USBD_SetClassConfig                    0x08003a80   Section        0  usbd_core.o(i.USBD_SetClassConfig)
    i.USBD_SetConfig                         0x08003a98   Section        0  usbd_ctlreq.o(i.USBD_SetConfig)
    USBD_SetConfig                           0x08003a99   Thumb Code   128  usbd_ctlreq.o(i.USBD_SetConfig)
    i.USBD_Start                             0x08003b1c   Section        0  usbd_core.o(i.USBD_Start)
    i.USBD_StdDevReq                         0x08003b26   Section        0  usbd_ctlreq.o(i.USBD_StdDevReq)
    i.USBD_StdEPReq                          0x08003c38   Section        0  usbd_ctlreq.o(i.USBD_StdEPReq)
    i.USBD_StdItfReq                         0x08003d88   Section        0  usbd_ctlreq.o(i.USBD_StdItfReq)
    i.USBD_static_free                       0x08003dd6   Section        0  usbd_conf.o(i.USBD_static_free)
    i.USBD_static_malloc                     0x08003dd8   Section        0  usbd_conf.o(i.USBD_static_malloc)
    i.USB_ActivateEndpoint                   0x08003de0   Section        0  stm32f1xx_ll_usb.o(i.USB_ActivateEndpoint)
    i.USB_CoreInit                           0x08004052   Section        0  stm32f1xx_ll_usb.o(i.USB_CoreInit)
    i.USB_DeactivateEndpoint                 0x08004056   Section        0  stm32f1xx_ll_usb.o(i.USB_DeactivateEndpoint)
    i.USB_DevConnect                         0x08004166   Section        0  stm32f1xx_ll_usb.o(i.USB_DevConnect)
    i.USB_DevDisconnect                      0x0800416a   Section        0  stm32f1xx_ll_usb.o(i.USB_DevDisconnect)
    i.USB_DevInit                            0x0800416e   Section        0  stm32f1xx_ll_usb.o(i.USB_DevInit)
    i.USB_DisableGlobalInt                   0x08004180   Section        0  stm32f1xx_ll_usb.o(i.USB_DisableGlobalInt)
    i.USB_EP0_OutStart                       0x0800418e   Section        0  stm32f1xx_ll_usb.o(i.USB_EP0_OutStart)
    i.USB_EPClearStall                       0x08004192   Section        0  stm32f1xx_ll_usb.o(i.USB_EPClearStall)
    i.USB_EPSetStall                         0x08004206   Section        0  stm32f1xx_ll_usb.o(i.USB_EPSetStall)
    i.USB_EPStartXfer                        0x08004238   Section        0  stm32f1xx_ll_usb.o(i.USB_EPStartXfer)
    i.USB_EnableGlobalInt                    0x08004840   Section        0  stm32f1xx_ll_usb.o(i.USB_EnableGlobalInt)
    i.USB_LP_CAN1_RX0_IRQHandler             0x08004854   Section        0  stm32f1xx_it.o(i.USB_LP_CAN1_RX0_IRQHandler)
    i.USB_ReadInterrupts                     0x08004860   Section        0  stm32f1xx_ll_usb.o(i.USB_ReadInterrupts)
    i.USB_ReadPMA                            0x08004866   Section        0  stm32f1xx_ll_usb.o(i.USB_ReadPMA)
    i.USB_SetCurrentMode                     0x08004890   Section        0  stm32f1xx_ll_usb.o(i.USB_SetCurrentMode)
    i.USB_SetDevAddress                      0x08004894   Section        0  stm32f1xx_ll_usb.o(i.USB_SetDevAddress)
    i.USB_WritePMA                           0x080048a0   Section        0  stm32f1xx_ll_usb.o(i.USB_WritePMA)
    i.USB_tx                                 0x080048c8   Section        0  main.o(i.USB_tx)
    i.UsageFault_Handler                     0x08004970   Section        0  stm32f1xx_it.o(i.UsageFault_Handler)
    i.__0snprintf                            0x08004990   Section        0  printfa.o(i.__0snprintf)
    i.__ARM_fpclassify                       0x080049c4   Section        0  fpclassify.o(i.__ARM_fpclassify)
    i.__NVIC_SetPriority                     0x080049ec   Section        0  stm32f1xx_hal_cortex.o(i.__NVIC_SetPriority)
    __NVIC_SetPriority                       0x080049ed   Thumb Code    32  stm32f1xx_hal_cortex.o(i.__NVIC_SetPriority)
    i.__ieee754_rem_pio2                     0x08004a0c   Section        0  rred.o(i.__ieee754_rem_pio2)
    i.__kernel_cos                           0x08004d94   Section        0  cos_i.o(i.__kernel_cos)
    i.__kernel_poly                          0x08004e90   Section        0  poly.o(i.__kernel_poly)
    i.__kernel_sin                           0x08004f3c   Section        0  sin_i.o(i.__kernel_sin)
    i.__mathlib_dbl_infnan                   0x08005028   Section        0  dunder.o(i.__mathlib_dbl_infnan)
    i.__mathlib_dbl_invalid                  0x0800502e   Section        0  dunder.o(i.__mathlib_dbl_invalid)
    i.__mathlib_dbl_underflow                0x0800503c   Section        0  dunder.o(i.__mathlib_dbl_underflow)
    i.__scatterload_copy                     0x0800504c   Section       14  handlers.o(i.__scatterload_copy)
    i.__scatterload_null                     0x0800505a   Section        2  handlers.o(i.__scatterload_null)
    i.__scatterload_zeroinit                 0x0800505c   Section       14  handlers.o(i.__scatterload_zeroinit)
    i.__set_errno                            0x0800506c   Section        0  errno.o(i.__set_errno)
    i._fp_digits                             0x08005078   Section        0  printfa.o(i._fp_digits)
    _fp_digits                               0x08005079   Thumb Code   366  printfa.o(i._fp_digits)
    i._printf_core                           0x080051fc   Section        0  printfa.o(i._printf_core)
    _printf_core                             0x080051fd   Thumb Code  1704  printfa.o(i._printf_core)
    i._printf_post_padding                   0x080058b0   Section        0  printfa.o(i._printf_post_padding)
    _printf_post_padding                     0x080058b1   Thumb Code    36  printfa.o(i._printf_post_padding)
    i._printf_pre_padding                    0x080058d4   Section        0  printfa.o(i._printf_pre_padding)
    _printf_pre_padding                      0x080058d5   Thumb Code    46  printfa.o(i._printf_pre_padding)
    i._snputc                                0x08005902   Section        0  printfa.o(i._snputc)
    _snputc                                  0x08005903   Thumb Code    22  printfa.o(i._snputc)
    i.calculate_CheckSum                     0x08005918   Section        0  main.o(i.calculate_CheckSum)
    i.cos                                    0x08005930   Section        0  cos.o(i.cos)
    i.dane                                   0x080059cc   Section        0  main.o(i.dane)
    i.main                                   0x08005a40   Section        0  main.o(i.main)
    i.obliczenia                             0x08005b30   Section        0  main.o(i.obliczenia)
    i.pomiar                                 0x08005d84   Section        0  main.o(i.pomiar)
    i.rozmiar                                0x08005e20   Section        0  main.o(i.rozmiar)
    i.scan                                   0x08005e34   Section        0  main.o(i.scan)
    i.sin                                    0x08005ea8   Section        0  sin.o(i.sin)
    i.zeruj                                  0x08005f48   Section        0  main.o(i.zeruj)
    i.zeruj2                                 0x08005f5c   Section        0  main.o(i.zeruj2)
    .constdata                               0x08005f6c   Section       16  system_stm32f1xx.o(.constdata)
    .constdata                               0x08005f7c   Section        8  system_stm32f1xx.o(.constdata)
    .constdata                               0x08005f88   Section       48  cos_i.o(.constdata)
    C                                        0x08005f88   Data          48  cos_i.o(.constdata)
    .constdata                               0x08005fb8   Section      200  rred.o(.constdata)
    pio2s                                    0x08005fb8   Data          48  rred.o(.constdata)
    twooverpi                                0x08005fe8   Data         152  rred.o(.constdata)
    .constdata                               0x08006080   Section       40  sin_i.o(.constdata)
    S                                        0x08006080   Data          40  sin_i.o(.constdata)
    .data                                    0x20000000   Section      156  main.o(.data)
    .data                                    0x2000009c   Section       28  usbd_desc.o(.data)
    .data                                    0x200000b8   Section       50  usbd_desc.o(.data)
    .data                                    0x200000ec   Section       16  usbd_cdc_if.o(.data)
    .data                                    0x200000fc   Section       16  usbd_cdc_if.o(.data)
    .data                                    0x2000010c   Section       12  stm32f1xx_hal.o(.data)
    .data                                    0x20000118   Section        4  system_stm32f1xx.o(.data)
    .data                                    0x2000011c   Section        1  usbd_ctlreq.o(.data)
    cfgidx                                   0x2000011c   Data           1  usbd_ctlreq.o(.data)
    .data                                    0x20000120   Section      215  usbd_cdc.o(.data)
    USBD_CDC_DeviceQualifierDesc             0x20000120   Data          10  usbd_cdc.o(.data)
    .data                                    0x200001f8   Section       56  usbd_cdc.o(.data)
    .data                                    0x20000230   Section        4  errno.o(.data)
    _errno                                   0x20000230   Data           4  errno.o(.data)
    .bss                                     0x20000238   Section      534  main.o(.bss)
    .bss                                     0x20000450   Section      708  usb_device.o(.bss)
    .bss                                     0x20000714   Section      512  usbd_desc.o(.bss)
    .bss                                     0x20000914   Section      228  usbd_cdc_if.o(.bss)
    .bss                                     0x200009f8   Section     1292  usbd_conf.o(.bss)
    mem                                      0x200009f8   Data         544  usbd_conf.o(.bss)
    STACK                                    0x20000f08   Section     1024  startup_stm32f103xb.o(STACK)

    Global Symbols

    Symbol Name                              Value     Ov Type        Size  Object(Section)

    BuildAttributes$$THM_ISAv4$P$D$K$B$S$PE$A:L22UL41UL21$X:L11$S22US41US21$IEEE1$IW$USESV6$~STKCKD$USESV7$~SHL$OTIME$ROPI$IEEEX$EBA8$MICROLIB$REQ8$PRES8$EABIv2 0x00000000   Number         0  anon$$obj.o ABSOLUTE
    __ARM_use_no_argv                        0x00000000   Number         0  main.o ABSOLUTE
    _printf_a                                0x00000000   Number         0  stubs.o ABSOLUTE
    _printf_c                                0x00000000   Number         0  stubs.o ABSOLUTE
    _printf_charcount                        0x00000000   Number         0  stubs.o ABSOLUTE
    _printf_d                                0x00000000   Number         0  stubs.o ABSOLUTE
    _printf_e                                0x00000000   Number         0  stubs.o ABSOLUTE
    _printf_f                                0x00000000   Number         0  stubs.o ABSOLUTE
    _printf_flags                            0x00000000   Number         0  stubs.o ABSOLUTE
    _printf_fp_dec                           0x00000000   Number         0  stubs.o ABSOLUTE
    _printf_fp_hex                           0x00000000   Number         0  stubs.o ABSOLUTE
    _printf_g                                0x00000000   Number         0  stubs.o ABSOLUTE
    _printf_i                                0x00000000   Number         0  stubs.o ABSOLUTE
    _printf_int_dec                          0x00000000   Number         0  stubs.o ABSOLUTE
    _printf_l                                0x00000000   Number         0  stubs.o ABSOLUTE
    _printf_lc                               0x00000000   Number         0  stubs.o ABSOLUTE
    _printf_ll                               0x00000000   Number         0  stubs.o ABSOLUTE
    _printf_lld                              0x00000000   Number         0  stubs.o ABSOLUTE
    _printf_lli                              0x00000000   Number         0  stubs.o ABSOLUTE
    _printf_llo                              0x00000000   Number         0  stubs.o ABSOLUTE
    _printf_llu                              0x00000000   Number         0  stubs.o ABSOLUTE
    _printf_llx                              0x00000000   Number         0  stubs.o ABSOLUTE
    _printf_longlong_dec                     0x00000000   Number         0  stubs.o ABSOLUTE
    _printf_longlong_hex                     0x00000000   Number         0  stubs.o ABSOLUTE
    _printf_longlong_oct                     0x00000000   Number         0  stubs.o ABSOLUTE
    _printf_ls                               0x00000000   Number         0  stubs.o ABSOLUTE
    _printf_mbtowc                           0x00000000   Number         0  stubs.o ABSOLUTE
    _printf_n                                0x00000000   Number         0  stubs.o ABSOLUTE
    _printf_o                                0x00000000   Number         0  stubs.o ABSOLUTE
    _printf_p                                0x00000000   Number         0  stubs.o ABSOLUTE
    _printf_percent                          0x00000000   Number         0  stubs.o ABSOLUTE
    _printf_pre_padding                      0x00000000   Number         0  stubs.o ABSOLUTE
    _printf_return_value                     0x00000000   Number         0  stubs.o ABSOLUTE
    _printf_s                                0x00000000   Number         0  stubs.o ABSOLUTE
    _printf_sizespec                         0x00000000   Number         0  stubs.o ABSOLUTE
    _printf_str                              0x00000000   Number         0  stubs.o ABSOLUTE
    _printf_truncate_signed                  0x00000000   Number         0  stubs.o ABSOLUTE
    _printf_truncate_unsigned                0x00000000   Number         0  stubs.o ABSOLUTE
    _printf_u                                0x00000000   Number         0  stubs.o ABSOLUTE
    _printf_wc                               0x00000000   Number         0  stubs.o ABSOLUTE
    _printf_wctomb                           0x00000000   Number         0  stubs.o ABSOLUTE
    _printf_widthprec                        0x00000000   Number         0  stubs.o ABSOLUTE
    _printf_x                                0x00000000   Number         0  stubs.o ABSOLUTE
    __arm_fini_                               - Undefined Weak Reference
    __cpp_initialize__aeabi_                  - Undefined Weak Reference
    __cxa_finalize                            - Undefined Weak Reference
    _clock_init                               - Undefined Weak Reference
    _microlib_exit                            - Undefined Weak Reference
    __Vectors_Size                           0x000000ec   Number         0  startup_stm32f103xb.o ABSOLUTE
    __Vectors                                0x08000000   Data           4  startup_stm32f103xb.o(RESET)
    __Vectors_End                            0x080000ec   Data           0  startup_stm32f103xb.o(RESET)
    __main                                   0x080000ed   Thumb Code     0  entry.o(.ARM.Collect$$$$00000000)
    _main_stk                                0x080000ed   Thumb Code     0  entry2.o(.ARM.Collect$$$$00000001)
    _main_scatterload                        0x080000f1   Thumb Code     0  entry5.o(.ARM.Collect$$$$00000004)
    __main_after_scatterload                 0x080000f5   Thumb Code     0  entry5.o(.ARM.Collect$$$$00000004)
    _main_clock                              0x080000f5   Thumb Code     0  entry7b.o(.ARM.Collect$$$$00000008)
    _main_cpp_init                           0x080000f5   Thumb Code     0  entry8b.o(.ARM.Collect$$$$0000000A)
    _main_init                               0x080000f5   Thumb Code     0  entry9a.o(.ARM.Collect$$$$0000000B)
    __rt_lib_shutdown_fini                   0x080000fd   Thumb Code     0  entry12b.o(.ARM.Collect$$$$0000000E)
    __rt_final_cpp                           0x08000101   Thumb Code     0  entry10a.o(.ARM.Collect$$$$0000000F)
    __rt_final_exit                          0x08000101   Thumb Code     0  entry11a.o(.ARM.Collect$$$$00000011)
    Reset_Handler                            0x08000105   Thumb Code     8  startup_stm32f103xb.o(.text)
    ADC1_2_IRQHandler                        0x0800011f   Thumb Code     0  startup_stm32f103xb.o(.text)
    CAN1_RX1_IRQHandler                      0x0800011f   Thumb Code     0  startup_stm32f103xb.o(.text)
    CAN1_SCE_IRQHandler                      0x0800011f   Thumb Code     0  startup_stm32f103xb.o(.text)
    DMA1_Channel1_IRQHandler                 0x0800011f   Thumb Code     0  startup_stm32f103xb.o(.text)
    DMA1_Channel2_IRQHandler                 0x0800011f   Thumb Code     0  startup_stm32f103xb.o(.text)
    DMA1_Channel3_IRQHandler                 0x0800011f   Thumb Code     0  startup_stm32f103xb.o(.text)
    DMA1_Channel4_IRQHandler                 0x0800011f   Thumb Code     0  startup_stm32f103xb.o(.text)
    DMA1_Channel5_IRQHandler                 0x0800011f   Thumb Code     0  startup_stm32f103xb.o(.text)
    DMA1_Channel6_IRQHandler                 0x0800011f   Thumb Code     0  startup_stm32f103xb.o(.text)
    DMA1_Channel7_IRQHandler                 0x0800011f   Thumb Code     0  startup_stm32f103xb.o(.text)
    EXTI0_IRQHandler                         0x0800011f   Thumb Code     0  startup_stm32f103xb.o(.text)
    EXTI15_10_IRQHandler                     0x0800011f   Thumb Code     0  startup_stm32f103xb.o(.text)
    EXTI1_IRQHandler                         0x0800011f   Thumb Code     0  startup_stm32f103xb.o(.text)
    EXTI2_IRQHandler                         0x0800011f   Thumb Code     0  startup_stm32f103xb.o(.text)
    EXTI3_IRQHandler                         0x0800011f   Thumb Code     0  startup_stm32f103xb.o(.text)
    EXTI4_IRQHandler                         0x0800011f   Thumb Code     0  startup_stm32f103xb.o(.text)
    EXTI9_5_IRQHandler                       0x0800011f   Thumb Code     0  startup_stm32f103xb.o(.text)
    FLASH_IRQHandler                         0x0800011f   Thumb Code     0  startup_stm32f103xb.o(.text)
    I2C1_ER_IRQHandler                       0x0800011f   Thumb Code     0  startup_stm32f103xb.o(.text)
    I2C1_EV_IRQHandler                       0x0800011f   Thumb Code     0  startup_stm32f103xb.o(.text)
    I2C2_ER_IRQHandler                       0x0800011f   Thumb Code     0  startup_stm32f103xb.o(.text)
    I2C2_EV_IRQHandler                       0x0800011f   Thumb Code     0  startup_stm32f103xb.o(.text)
    PVD_IRQHandler                           0x0800011f   Thumb Code     0  startup_stm32f103xb.o(.text)
    RCC_IRQHandler                           0x0800011f   Thumb Code     0  startup_stm32f103xb.o(.text)
    RTC_Alarm_IRQHandler                     0x0800011f   Thumb Code     0  startup_stm32f103xb.o(.text)
    RTC_IRQHandler                           0x0800011f   Thumb Code     0  startup_stm32f103xb.o(.text)
    SPI1_IRQHandler                          0x0800011f   Thumb Code     0  startup_stm32f103xb.o(.text)
    SPI2_IRQHandler                          0x0800011f   Thumb Code     0  startup_stm32f103xb.o(.text)
    TAMPER_IRQHandler                        0x0800011f   Thumb Code     0  startup_stm32f103xb.o(.text)
    TIM1_BRK_IRQHandler                      0x0800011f   Thumb Code     0  startup_stm32f103xb.o(.text)
    TIM1_CC_IRQHandler                       0x0800011f   Thumb Code     0  startup_stm32f103xb.o(.text)
    TIM1_TRG_COM_IRQHandler                  0x0800011f   Thumb Code     0  startup_stm32f103xb.o(.text)
    TIM1_UP_IRQHandler                       0x0800011f   Thumb Code     0  startup_stm32f103xb.o(.text)
    TIM2_IRQHandler                          0x0800011f   Thumb Code     0  startup_stm32f103xb.o(.text)
    TIM3_IRQHandler                          0x0800011f   Thumb Code     0  startup_stm32f103xb.o(.text)
    TIM4_IRQHandler                          0x0800011f   Thumb Code     0  startup_stm32f103xb.o(.text)
    USART2_IRQHandler                        0x0800011f   Thumb Code     0  startup_stm32f103xb.o(.text)
    USART3_IRQHandler                        0x0800011f   Thumb Code     0  startup_stm32f103xb.o(.text)
    USBWakeUp_IRQHandler                     0x0800011f   Thumb Code     0  startup_stm32f103xb.o(.text)
    USB_HP_CAN1_TX_IRQHandler                0x0800011f   Thumb Code     0  startup_stm32f103xb.o(.text)
    WWDG_IRQHandler                          0x0800011f   Thumb Code     0  startup_stm32f103xb.o(.text)
    __aeabi_llsr                             0x08000129   Thumb Code    32  llushr.o(.text)
    _ll_ushift_r                             0x08000129   Thumb Code     0  llushr.o(.text)
    __aeabi_memcpy                           0x08000149   Thumb Code    36  memcpya.o(.text)
    __aeabi_memcpy4                          0x08000149   Thumb Code     0  memcpya.o(.text)
    __aeabi_memcpy8                          0x08000149   Thumb Code     0  memcpya.o(.text)
    __aeabi_memset                           0x0800016d   Thumb Code    14  memseta.o(.text)
    __aeabi_memset4                          0x0800016d   Thumb Code     0  memseta.o(.text)
    __aeabi_memset8                          0x0800016d   Thumb Code     0  memseta.o(.text)
    __aeabi_memclr                           0x0800017b   Thumb Code     4  memseta.o(.text)
    __aeabi_memclr4                          0x0800017b   Thumb Code     0  memseta.o(.text)
    __aeabi_memclr8                          0x0800017b   Thumb Code     0  memseta.o(.text)
    _memset$wrapper                          0x0800017f   Thumb Code    18  memseta.o(.text)
    strcat                                   0x08000191   Thumb Code    24  strcat.o(.text)
    strlcpy                                  0x080001a9   Thumb Code    48  strlcpy.o(.text)
    __aeabi_dadd                             0x080001d9   Thumb Code   322  dadd.o(.text)
    __aeabi_dsub                             0x0800031b   Thumb Code     6  dadd.o(.text)
    __aeabi_drsub                            0x08000321   Thumb Code     6  dadd.o(.text)
    __aeabi_dmul                             0x08000327   Thumb Code   228  dmul.o(.text)
    __aeabi_ddiv                             0x0800040b   Thumb Code   222  ddiv.o(.text)
    __ARM_scalbn                             0x080004e9   Thumb Code    46  dscalb.o(.text)
    scalbn                                   0x080004e9   Thumb Code     0  dscalb.o(.text)
    __aeabi_i2d                              0x08000517   Thumb Code    34  dflti.o(.text)
    __aeabi_uidiv                            0x08000539   Thumb Code     0  uidiv.o(.text)
    __aeabi_uidivmod                         0x08000539   Thumb Code    44  uidiv.o(.text)
    __aeabi_uldivmod                         0x08000565   Thumb Code    98  uldiv.o(.text)
    __aeabi_llsl                             0x080005c7   Thumb Code    30  llshl.o(.text)
    _ll_shift_l                              0x080005c7   Thumb Code     0  llshl.o(.text)
    __aeabi_lasr                             0x080005e5   Thumb Code    36  llsshr.o(.text)
    _ll_sshift_r                             0x080005e5   Thumb Code     0  llsshr.o(.text)
    __I$use$fp                               0x08000609   Thumb Code     0  iusefp.o(.text)
    _double_round                            0x08000609   Thumb Code    30  depilogue.o(.text)
    _double_epilogue                         0x08000627   Thumb Code   156  depilogue.o(.text)
    __aeabi_d2ulz                            0x080006c3   Thumb Code    48  dfixul.o(.text)
    __aeabi_cdrcmple                         0x080006f5   Thumb Code    48  cdrcmple.o(.text)
    __scatterload                            0x08000725   Thumb Code    28  init.o(.text)
    __scatterload_rt2                        0x08000725   Thumb Code     0  init.o(.text)
    __aeabi_ui2d                             0x08000749   Thumb Code    26  dfltui.o(.text)
    __aeabi_d2iz                             0x08000763   Thumb Code    62  dfixi.o(.text)
    __decompress                             0x080007a1   Thumb Code     0  __dczerorl2.o(.text)
    __decompress1                            0x080007a1   Thumb Code    86  __dczerorl2.o(.text)
    BusFault_Handler                         0x080007f9   Thumb Code    26  stm32f1xx_it.o(i.BusFault_Handler)
    CDC_Transmit_FS                          0x08000a11   Thumb Code    38  usbd_cdc_if.o(i.CDC_Transmit_FS)
    DebugMon_Handler                         0x08000a3d   Thumb Code     2  stm32f1xx_it.o(i.DebugMon_Handler)
    Error_Handler                            0x08000a41   Thumb Code    28  main.o(i.Error_Handler)
    HAL_DMA_Abort                            0x08000a61   Thumb Code    70  stm32f1xx_hal_dma.o(i.HAL_DMA_Abort)
    HAL_DMA_Abort_IT                         0x08000aa9   Thumb Code   148  stm32f1xx_hal_dma.o(i.HAL_DMA_Abort_IT)
    HAL_Delay                                0x08000b41   Thumb Code    32  stm32f1xx_hal.o(i.HAL_Delay)
    HAL_GPIO_Init                            0x08000b65   Thumb Code   426  stm32f1xx_hal_gpio.o(i.HAL_GPIO_Init)
    HAL_GPIO_WritePin                        0x08000d31   Thumb Code    10  stm32f1xx_hal_gpio.o(i.HAL_GPIO_WritePin)
    HAL_GetTick                              0x08000d3d   Thumb Code     6  stm32f1xx_hal.o(i.HAL_GetTick)
    HAL_I2C_Init                             0x08000d49   Thumb Code   376  stm32f1xx_hal_i2c.o(i.HAL_I2C_Init)
    HAL_I2C_Mem_Read                         0x08000ed1   Thumb Code   574  stm32f1xx_hal_i2c.o(i.HAL_I2C_Mem_Read)
    HAL_I2C_Mem_Write                        0x08001121   Thumb Code   294  stm32f1xx_hal_i2c.o(i.HAL_I2C_Mem_Write)
    HAL_I2C_MspInit                          0x08001251   Thumb Code    80  stm32f1xx_hal_msp.o(i.HAL_I2C_MspInit)
    HAL_IncTick                              0x080012ad   Thumb Code    12  stm32f1xx_hal.o(i.HAL_IncTick)
    HAL_Init                                 0x080012bd   Thumb Code    32  stm32f1xx_hal.o(i.HAL_Init)
    HAL_InitTick                             0x080012e1   Thumb Code    54  stm32f1xx_hal.o(i.HAL_InitTick)
    HAL_MspInit                              0x08001321   Thumb Code    48  stm32f1xx_hal_msp.o(i.HAL_MspInit)
    HAL_MultiProcessor_Init                  0x08001359   Thumb Code   142  stm32f1xx_hal_uart.o(i.HAL_MultiProcessor_Init)
    HAL_NVIC_EnableIRQ                       0x080013e7   Thumb Code    26  stm32f1xx_hal_cortex.o(i.HAL_NVIC_EnableIRQ)
    HAL_NVIC_SetPriority                     0x08001401   Thumb Code    60  stm32f1xx_hal_cortex.o(i.HAL_NVIC_SetPriority)
    HAL_NVIC_SetPriorityGrouping             0x08001441   Thumb Code    26  stm32f1xx_hal_cortex.o(i.HAL_NVIC_SetPriorityGrouping)
    HAL_PCDEx_PMAConfig                      0x08001465   Thumb Code    60  stm32f1xx_hal_pcd_ex.o(i.HAL_PCDEx_PMAConfig)
    HAL_PCDEx_SetConnectionState             0x080014a1   Thumb Code     2  usbd_conf.o(i.HAL_PCDEx_SetConnectionState)
    HAL_PCD_DataInStageCallback              0x080014a3   Thumb Code    18  usbd_conf.o(i.HAL_PCD_DataInStageCallback)
    HAL_PCD_DataOutStageCallback             0x080014b5   Thumb Code    20  usbd_conf.o(i.HAL_PCD_DataOutStageCallback)
    HAL_PCD_EP_Close                         0x080014c9   Thumb Code    76  stm32f1xx_hal_pcd.o(i.HAL_PCD_EP_Close)
    HAL_PCD_EP_ClrStall                      0x08001515   Thumb Code    92  stm32f1xx_hal_pcd.o(i.HAL_PCD_EP_ClrStall)
    HAL_PCD_EP_GetRxCount                    0x08001981   Thumb Code    18  stm32f1xx_hal_pcd.o(i.HAL_PCD_EP_GetRxCount)
    HAL_PCD_EP_Open                          0x08001993   Thumb Code    96  stm32f1xx_hal_pcd.o(i.HAL_PCD_EP_Open)
    HAL_PCD_EP_Receive                       0x080019f3   Thumb Code    50  stm32f1xx_hal_pcd.o(i.HAL_PCD_EP_Receive)
    HAL_PCD_EP_SetStall                      0x08001a25   Thumb Code   114  stm32f1xx_hal_pcd.o(i.HAL_PCD_EP_SetStall)
    HAL_PCD_EP_Transmit                      0x08001a97   Thumb Code    52  stm32f1xx_hal_pcd.o(i.HAL_PCD_EP_Transmit)
    HAL_PCD_IRQHandler                       0x08001acb   Thumb Code   340  stm32f1xx_hal_pcd.o(i.HAL_PCD_IRQHandler)
    HAL_PCD_Init                             0x08001c1f   Thumb Code   216  stm32f1xx_hal_pcd.o(i.HAL_PCD_Init)
    HAL_PCD_MspInit                          0x08001cf9   Thumb Code    50  usbd_conf.o(i.HAL_PCD_MspInit)
    HAL_PCD_ResetCallback                    0x08001d35   Thumb Code    38  usbd_conf.o(i.HAL_PCD_ResetCallback)
    HAL_PCD_ResumeCallback                   0x08001d5b   Thumb Code     8  usbd_conf.o(i.HAL_PCD_ResumeCallback)
    HAL_PCD_SOFCallback                      0x08001d63   Thumb Code     8  usbd_conf.o(i.HAL_PCD_SOFCallback)
    HAL_PCD_SetAddress                       0x08001d6b   Thumb Code    40  stm32f1xx_hal_pcd.o(i.HAL_PCD_SetAddress)
    HAL_PCD_SetupStageCallback               0x08001d93   Thumb Code    14  usbd_conf.o(i.HAL_PCD_SetupStageCallback)
    HAL_PCD_Start                            0x08001da1   Thumb Code    50  stm32f1xx_hal_pcd.o(i.HAL_PCD_Start)
    HAL_PCD_SuspendCallback                  0x08001dd5   Thumb Code    30  usbd_conf.o(i.HAL_PCD_SuspendCallback)
    HAL_RCCEx_PeriphCLKConfig                0x08001df9   Thumb Code   220  stm32f1xx_hal_rcc_ex.o(i.HAL_RCCEx_PeriphCLKConfig)
    HAL_RCC_ClockConfig                      0x08001ee1   Thumb Code   292  stm32f1xx_hal_rcc.o(i.HAL_RCC_ClockConfig)
    HAL_RCC_GetPCLK1Freq                     0x08002019   Thumb Code    20  stm32f1xx_hal_rcc.o(i.HAL_RCC_GetPCLK1Freq)
    HAL_RCC_GetPCLK2Freq                     0x08002039   Thumb Code    20  stm32f1xx_hal_rcc.o(i.HAL_RCC_GetPCLK2Freq)
    HAL_RCC_GetSysClockFreq                  0x08002059   Thumb Code    74  stm32f1xx_hal_rcc.o(i.HAL_RCC_GetSysClockFreq)
    HAL_RCC_OscConfig                        0x080020c5   Thumb Code   770  stm32f1xx_hal_rcc.o(i.HAL_RCC_OscConfig)
    HAL_SYSTICK_Config                       0x080023dd   Thumb Code    40  stm32f1xx_hal_cortex.o(i.HAL_SYSTICK_Config)
    HAL_UARTEx_RxEventCallback               0x08002405   Thumb Code     2  stm32f1xx_hal_uart.o(i.HAL_UARTEx_RxEventCallback)
    HAL_UART_ErrorCallback                   0x08002407   Thumb Code     2  stm32f1xx_hal_uart.o(i.HAL_UART_ErrorCallback)
    HAL_UART_IRQHandler                      0x08002409   Thumb Code   520  stm32f1xx_hal_uart.o(i.HAL_UART_IRQHandler)
    HAL_UART_MspInit                         0x08002615   Thumb Code   116  stm32f1xx_hal_msp.o(i.HAL_UART_MspInit)
    HAL_UART_RxCpltCallback                  0x08002695   Thumb Code     2  stm32f1xx_hal_uart.o(i.HAL_UART_RxCpltCallback)
    HAL_UART_TxCpltCallback                  0x08002697   Thumb Code     2  stm32f1xx_hal_uart.o(i.HAL_UART_TxCpltCallback)
    HardFault_Handler                        0x08002699   Thumb Code    26  stm32f1xx_it.o(i.HardFault_Handler)
    MX_USB_DEVICE_Init                       0x08002b71   Thumb Code    66  usb_device.o(i.MX_USB_DEVICE_Init)
    MemManage_Handler                        0x08002bc5   Thumb Code     2  stm32f1xx_it.o(i.MemManage_Handler)
    NMI_Handler                              0x08002bc7   Thumb Code     2  stm32f1xx_it.o(i.NMI_Handler)
    PendSV_Handler                           0x08002ec9   Thumb Code     2  stm32f1xx_it.o(i.PendSV_Handler)
    SVC_Handler                              0x08002ecb   Thumb Code     2  stm32f1xx_it.o(i.SVC_Handler)
    SysTick_Handler                          0x08002ecd   Thumb Code     4  stm32f1xx_it.o(i.SysTick_Handler)
    SystemClock_Config                       0x08002ed1   Thumb Code   108  main.o(i.SystemClock_Config)
    SystemInit                               0x08002f3d   Thumb Code     2  system_stm32f1xx.o(i.SystemInit)
    USART1_IRQHandler                        0x080030ed   Thumb Code     6  stm32f1xx_it.o(i.USART1_IRQHandler)
    USBD_CDC_GetDeviceQualifierDescriptor    0x080031d5   Thumb Code     8  usbd_cdc.o(i.USBD_CDC_GetDeviceQualifierDescriptor)
    USBD_CDC_ReceivePacket                   0x08003299   Thumb Code    40  usbd_cdc.o(i.USBD_CDC_ReceivePacket)
    USBD_CDC_RegisterInterface               0x080032c1   Thumb Code    16  usbd_cdc.o(i.USBD_CDC_RegisterInterface)
    USBD_CDC_SetRxBuffer                     0x080032d1   Thumb Code    12  usbd_cdc.o(i.USBD_CDC_SetRxBuffer)
    USBD_CDC_SetTxBuffer                     0x080032dd   Thumb Code    16  usbd_cdc.o(i.USBD_CDC_SetTxBuffer)
    USBD_CDC_TransmitPacket                  0x08003399   Thumb Code    54  usbd_cdc.o(i.USBD_CDC_TransmitPacket)
    USBD_ClrClassConfig                      0x080033cf   Thumb Code    14  usbd_core.o(i.USBD_ClrClassConfig)
    USBD_CtlContinueRx                       0x080033dd   Thumb Code    16  usbd_ioreq.o(i.USBD_CtlContinueRx)
    USBD_CtlContinueSendData                 0x080033ed   Thumb Code    16  usbd_ioreq.o(i.USBD_CtlContinueSendData)
    USBD_CtlError                            0x080033fd   Thumb Code    22  usbd_ctlreq.o(i.USBD_CtlError)
    USBD_CtlPrepareRx                        0x08003413   Thumb Code    30  usbd_ioreq.o(i.USBD_CtlPrepareRx)
    USBD_CtlReceiveStatus                    0x08003431   Thumb Code    22  usbd_ioreq.o(i.USBD_CtlReceiveStatus)
    USBD_CtlSendData                         0x08003447   Thumb Code    26  usbd_ioreq.o(i.USBD_CtlSendData)
    USBD_CtlSendStatus                       0x08003461   Thumb Code    22  usbd_ioreq.o(i.USBD_CtlSendStatus)
    USBD_FS_ConfigStrDescriptor              0x08003479   Thumb Code    16  usbd_desc.o(i.USBD_FS_ConfigStrDescriptor)
    USBD_FS_DeviceDescriptor                 0x08003499   Thumb Code     8  usbd_desc.o(i.USBD_FS_DeviceDescriptor)
    USBD_FS_InterfaceStrDescriptor           0x080034a5   Thumb Code    16  usbd_desc.o(i.USBD_FS_InterfaceStrDescriptor)
    USBD_FS_LangIDStrDescriptor              0x080034c9   Thumb Code     8  usbd_desc.o(i.USBD_FS_LangIDStrDescriptor)
    USBD_FS_ManufacturerStrDescriptor        0x080034d5   Thumb Code    16  usbd_desc.o(i.USBD_FS_ManufacturerStrDescriptor)
    USBD_FS_ProductStrDescriptor             0x080034fd   Thumb Code    16  usbd_desc.o(i.USBD_FS_ProductStrDescriptor)
    USBD_FS_SerialStrDescriptor              0x08003529   Thumb Code    48  usbd_desc.o(i.USBD_FS_SerialStrDescriptor)
    USBD_GetString                           0x08003649   Thumb Code    72  usbd_ctlreq.o(i.USBD_GetString)
    USBD_Init                                0x080036a9   Thumb Code    42  usbd_core.o(i.USBD_Init)
    USBD_LL_ClearStallEP                     0x080036d3   Thumb Code    18  usbd_conf.o(i.USBD_LL_ClearStallEP)
    USBD_LL_CloseEP                          0x080036e5   Thumb Code    18  usbd_conf.o(i.USBD_LL_CloseEP)
    USBD_LL_DataInStage                      0x080036f7   Thumb Code   198  usbd_core.o(i.USBD_LL_DataInStage)
    USBD_LL_DataOutStage                     0x080037bd   Thumb Code   130  usbd_core.o(i.USBD_LL_DataOutStage)
    USBD_LL_GetRxDataSize                    0x0800383f   Thumb Code     8  usbd_conf.o(i.USBD_LL_GetRxDataSize)
    USBD_LL_Init                             0x08003849   Thumb Code   118  usbd_conf.o(i.USBD_LL_Init)
    USBD_LL_IsStallEP                        0x080038c9   Thumb Code    32  usbd_conf.o(i.USBD_LL_IsStallEP)
    USBD_LL_OpenEP                           0x080038e9   Thumb Code    24  usbd_conf.o(i.USBD_LL_OpenEP)
    USBD_LL_PrepareReceive                   0x08003901   Thumb Code    18  usbd_conf.o(i.USBD_LL_PrepareReceive)
    USBD_LL_Reset                            0x08003913   Thumb Code    80  usbd_core.o(i.USBD_LL_Reset)
    USBD_LL_Resume                           0x08003963   Thumb Code    20  usbd_core.o(i.USBD_LL_Resume)
    USBD_LL_SOF                              0x08003977   Thumb Code    24  usbd_core.o(i.USBD_LL_SOF)
    USBD_LL_SetSpeed                         0x0800398f   Thumb Code     6  usbd_core.o(i.USBD_LL_SetSpeed)
    USBD_LL_SetUSBAddress                    0x08003995   Thumb Code    18  usbd_conf.o(i.USBD_LL_SetUSBAddress)
    USBD_LL_SetupStage                       0x080039a7   Thumb Code    90  usbd_core.o(i.USBD_LL_SetupStage)
    USBD_LL_StallEP                          0x08003a01   Thumb Code    18  usbd_conf.o(i.USBD_LL_StallEP)
    USBD_LL_Start                            0x08003a13   Thumb Code    18  usbd_conf.o(i.USBD_LL_Start)
    USBD_LL_Suspend                          0x08003a25   Thumb Code    18  usbd_core.o(i.USBD_LL_Suspend)
    USBD_LL_Transmit                         0x08003a37   Thumb Code    18  usbd_conf.o(i.USBD_LL_Transmit)
    USBD_ParseSetupRequest                   0x08003a49   Thumb Code    40  usbd_ctlreq.o(i.USBD_ParseSetupRequest)
    USBD_RegisterClass                       0x08003a71   Thumb Code    16  usbd_core.o(i.USBD_RegisterClass)
    USBD_SetClassConfig                      0x08003a81   Thumb Code    22  usbd_core.o(i.USBD_SetClassConfig)
    USBD_Start                               0x08003b1d   Thumb Code    10  usbd_core.o(i.USBD_Start)
    USBD_StdDevReq                           0x08003b27   Thumb Code   274  usbd_ctlreq.o(i.USBD_StdDevReq)
    USBD_StdEPReq                            0x08003c39   Thumb Code   336  usbd_ctlreq.o(i.USBD_StdEPReq)
    USBD_StdItfReq                           0x08003d89   Thumb Code    78  usbd_ctlreq.o(i.USBD_StdItfReq)
    USBD_static_free                         0x08003dd7   Thumb Code     2  usbd_conf.o(i.USBD_static_free)
    USBD_static_malloc                       0x08003dd9   Thumb Code     4  usbd_conf.o(i.USBD_static_malloc)
    USB_ActivateEndpoint                     0x08003de1   Thumb Code   626  stm32f1xx_ll_usb.o(i.USB_ActivateEndpoint)
    USB_CoreInit                             0x08004053   Thumb Code     4  stm32f1xx_ll_usb.o(i.USB_CoreInit)
    USB_DeactivateEndpoint                   0x08004057   Thumb Code   272  stm32f1xx_ll_usb.o(i.USB_DeactivateEndpoint)
    USB_DevConnect                           0x08004167   Thumb Code     4  stm32f1xx_ll_usb.o(i.USB_DevConnect)
    USB_DevDisconnect                        0x0800416b   Thumb Code     4  stm32f1xx_ll_usb.o(i.USB_DevDisconnect)
    USB_DevInit                              0x0800416f   Thumb Code    18  stm32f1xx_ll_usb.o(i.USB_DevInit)
    USB_DisableGlobalInt                     0x08004181   Thumb Code    14  stm32f1xx_ll_usb.o(i.USB_DisableGlobalInt)
    USB_EP0_OutStart                         0x0800418f   Thumb Code     4  stm32f1xx_ll_usb.o(i.USB_EP0_OutStart)
    USB_EPClearStall                         0x08004193   Thumb Code   116  stm32f1xx_ll_usb.o(i.USB_EPClearStall)
    USB_EPSetStall                           0x08004207   Thumb Code    50  stm32f1xx_ll_usb.o(i.USB_EPSetStall)
    USB_EPStartXfer                          0x08004239   Thumb Code  1544  stm32f1xx_ll_usb.o(i.USB_EPStartXfer)
    USB_EnableGlobalInt                      0x08004841   Thumb Code    18  stm32f1xx_ll_usb.o(i.USB_EnableGlobalInt)
    USB_LP_CAN1_RX0_IRQHandler               0x08004855   Thumb Code     6  stm32f1xx_it.o(i.USB_LP_CAN1_RX0_IRQHandler)
    USB_ReadInterrupts                       0x08004861   Thumb Code     6  stm32f1xx_ll_usb.o(i.USB_ReadInterrupts)
    USB_ReadPMA                              0x08004867   Thumb Code    42  stm32f1xx_ll_usb.o(i.USB_ReadPMA)
    USB_SetCurrentMode                       0x08004891   Thumb Code     4  stm32f1xx_ll_usb.o(i.USB_SetCurrentMode)
    USB_SetDevAddress                        0x08004895   Thumb Code    12  stm32f1xx_ll_usb.o(i.USB_SetDevAddress)
    USB_WritePMA                             0x080048a1   Thumb Code    38  stm32f1xx_ll_usb.o(i.USB_WritePMA)
    USB_tx                                   0x080048c9   Thumb Code   156  main.o(i.USB_tx)
    UsageFault_Handler                       0x08004971   Thumb Code    26  stm32f1xx_it.o(i.UsageFault_Handler)
    __0snprintf                              0x08004991   Thumb Code    48  printfa.o(i.__0snprintf)
    __1snprintf                              0x08004991   Thumb Code     0  printfa.o(i.__0snprintf)
    __2snprintf                              0x08004991   Thumb Code     0  printfa.o(i.__0snprintf)
    __c89snprintf                            0x08004991   Thumb Code     0  printfa.o(i.__0snprintf)
    snprintf                                 0x08004991   Thumb Code     0  printfa.o(i.__0snprintf)
    __ARM_fpclassify                         0x080049c5   Thumb Code    40  fpclassify.o(i.__ARM_fpclassify)
    __ieee754_rem_pio2                       0x08004a0d   Thumb Code   828  rred.o(i.__ieee754_rem_pio2)
    __kernel_cos                             0x08004d95   Thumb Code   230  cos_i.o(i.__kernel_cos)
    __kernel_poly                            0x08004e91   Thumb Code   170  poly.o(i.__kernel_poly)
    __kernel_sin                             0x08004f3d   Thumb Code   224  sin_i.o(i.__kernel_sin)
    __mathlib_dbl_infnan                     0x08005029   Thumb Code     6  dunder.o(i.__mathlib_dbl_infnan)
    __mathlib_dbl_invalid                    0x0800502f   Thumb Code    12  dunder.o(i.__mathlib_dbl_invalid)
    __mathlib_dbl_underflow                  0x0800503d   Thumb Code    10  dunder.o(i.__mathlib_dbl_underflow)
    __scatterload_copy                       0x0800504d   Thumb Code    14  handlers.o(i.__scatterload_copy)
    __scatterload_null                       0x0800505b   Thumb Code     2  handlers.o(i.__scatterload_null)
    __scatterload_zeroinit                   0x0800505d   Thumb Code    14  handlers.o(i.__scatterload_zeroinit)
    __set_errno                              0x0800506d   Thumb Code     6  errno.o(i.__set_errno)
    calculate_CheckSum                       0x08005919   Thumb Code    22  main.o(i.calculate_CheckSum)
    cos                                      0x08005931   Thumb Code   148  cos.o(i.cos)
    dane                                     0x080059cd   Thumb Code    94  main.o(i.dane)
    main                                     0x08005a41   Thumb Code   202  main.o(i.main)
    obliczenia                               0x08005b31   Thumb Code   576  main.o(i.obliczenia)
    pomiar                                   0x08005d85   Thumb Code   150  main.o(i.pomiar)
    rozmiar                                  0x08005e21   Thumb Code    20  main.o(i.rozmiar)
    scan                                     0x08005e35   Thumb Code   108  main.o(i.scan)
    sin                                      0x08005ea9   Thumb Code   150  sin.o(i.sin)
    zeruj                                    0x08005f49   Thumb Code    14  main.o(i.zeruj)
    zeruj2                                   0x08005f5d   Thumb Code    16  main.o(i.zeruj2)
    AHBPrescTable                            0x08005f6c   Data          16  system_stm32f1xx.o(.constdata)
    APBPrescTable                            0x08005f7c   Data           8  system_stm32f1xx.o(.constdata)
    Region$$Table$$Base                      0x080060a8   Number         0  anon$$obj.o(Region$$Table)
    Region$$Table$$Limit                     0x080060c8   Number         0  anon$$obj.o(Region$$Table)
    czujnik                                  0x20000000   Data           4  main.o(.data)
    komunikat                                0x20000004   Data           4  main.o(.data)
    start                                    0x20000008   Data           4  main.o(.data)
    scan_result                              0x2000000c   Data           4  main.o(.data)
    usb_tx4                                  0x20000010   Data           4  main.o(.data)
    checksum                                 0x20000014   Data           4  main.o(.data)
    usb_tx3                                  0x20000018   Data           4  main.o(.data)
    Area_t                                   0x20000020   Data           8  main.o(.data)
    Volume                                   0x20000028   Data           8  main.o(.data)
    wartosc                                  0x20000030   Data           8  main.o(.data)
    szer                                     0x20000038   Data           8  main.o(.data)
    calc                                     0x20000040   Data           8  main.o(.data)
    kat_tab                                  0x20000048   Data          56  main.o(.data)
    offset                                   0x20000080   Data          28  main.o(.data)
    FS_Desc                                  0x2000009c   Data          28  usbd_desc.o(.data)
    USBD_LangIDDesc                          0x200000b8   Data           4  usbd_desc.o(.data)
    USBD_FS_DeviceDesc                       0x200000bc   Data          18  usbd_desc.o(.data)
    USBD_StringSerial                        0x200000d0   Data          26  usbd_desc.o(.data)
    TX_f                                     0x200000ec   Data           1  usbd_cdc_if.o(.data)
    checksum1                                0x200000f0   Data           4  usbd_cdc_if.o(.data)
    BufRx                                    0x200000f4   Data           4  usbd_cdc_if.o(.data)
    S                                        0x200000f8   Data           4  usbd_cdc_if.o(.data)
    USBD_Interface_fops_FS                   0x200000fc   Data          16  usbd_cdc_if.o(.data)
    uwTickFreq                               0x2000010c   Data           1  stm32f1xx_hal.o(.data)
    uwTickPrio                               0x20000110   Data           4  stm32f1xx_hal.o(.data)
    uwTick                                   0x20000114   Data           4  stm32f1xx_hal.o(.data)
    SystemCoreClock                          0x20000118   Data           4  system_stm32f1xx.o(.data)
    USBD_CDC_CfgHSDesc                       0x2000012c   Data          67  usbd_cdc.o(.data)
    USBD_CDC_CfgFSDesc                       0x20000170   Data          67  usbd_cdc.o(.data)
    USBD_CDC_OtherSpeedCfgDesc               0x200001b4   Data          67  usbd_cdc.o(.data)
    USBD_CDC                                 0x200001f8   Data          56  usbd_cdc.o(.data)
    hi2c1                                    0x20000238   Data          84  main.o(.bss)
    huart1                                   0x2000028c   Data          68  main.o(.bss)
    sensor_gap                               0x200002d0   Data          48  main.o(.bss)
    sensor_gap2                              0x20000300   Data          56  main.o(.bss)
    distance_array                           0x20000338   Data          56  main.o(.bss)
    distance_array2                          0x20000370   Data          56  main.o(.bss)
    wysokosc                                 0x200003a8   Data          16  main.o(.bss)
    DataTx44                                 0x200003b8   Data          50  main.o(.bss)
    DataTx33                                 0x200003ea   Data          50  main.o(.bss)
    DataTx                                   0x2000041c   Data          50  main.o(.bss)
    hUsbDeviceFS                             0x20000450   Data         708  usb_device.o(.bss)
    USBD_StrDesc                             0x20000714   Data         512  usbd_desc.o(.bss)
    DataTx4                                  0x20000914   Data          50  usbd_cdc_if.o(.bss)
    DataTx5                                  0x20000946   Data          50  usbd_cdc_if.o(.bss)
    UserRxBufferFS                           0x20000978   Data          64  usbd_cdc_if.o(.bss)
    UserTxBufferFS                           0x200009b8   Data          64  usbd_cdc_if.o(.bss)
    hpcd_USB_FS                              0x20000c18   Data         748  usbd_conf.o(.bss)
    __initial_sp                             0x20001308   Data           0  startup_stm32f103xb.o(STACK)



==============================================================================

Memory Map of the image

  Image Entry point : 0x080000ed

  Load Region LR_IROM1 (Base: 0x08000000, Size: 0x000062fc, Max: 0x00020000, ABSOLUTE, COMPRESSED[0x000061b8])

    Execution Region ER_IROM1 (Exec base: 0x08000000, Load base: 0x08000000, Size: 0x000060c8, Max: 0x00020000, ABSOLUTE)

    Exec Addr    Load Addr    Size         Type   Attr      Idx    E Section Name        Object

    0x08000000   0x08000000   0x000000ec   Data   RO            3    RESET               startup_stm32f103xb.o
    0x080000ec   0x080000ec   0x00000000   Code   RO         3476  * .ARM.Collect$$$$00000000  mc_w.l(entry.o)
    0x080000ec   0x080000ec   0x00000004   Code   RO         3790    .ARM.Collect$$$$00000001  mc_w.l(entry2.o)
    0x080000f0   0x080000f0   0x00000004   Code   RO         3793    .ARM.Collect$$$$00000004  mc_w.l(entry5.o)
    0x080000f4   0x080000f4   0x00000000   Code   RO         3795    .ARM.Collect$$$$00000008  mc_w.l(entry7b.o)
    0x080000f4   0x080000f4   0x00000000   Code   RO         3797    .ARM.Collect$$$$0000000A  mc_w.l(entry8b.o)
    0x080000f4   0x080000f4   0x00000008   Code   RO         3798    .ARM.Collect$$$$0000000B  mc_w.l(entry9a.o)
    0x080000fc   0x080000fc   0x00000004   Code   RO         3805    .ARM.Collect$$$$0000000E  mc_w.l(entry12b.o)
    0x08000100   0x08000100   0x00000000   Code   RO         3800    .ARM.Collect$$$$0000000F  mc_w.l(entry10a.o)
    0x08000100   0x08000100   0x00000000   Code   RO         3802    .ARM.Collect$$$$00000011  mc_w.l(entry11a.o)
    0x08000100   0x08000100   0x00000004   Code   RO         3791    .ARM.Collect$$$$00002712  mc_w.l(entry2.o)
    0x08000104   0x08000104   0x00000024   Code   RO            4    .text               startup_stm32f103xb.o
    0x08000128   0x08000128   0x00000020   Code   RO         3479    .text               mc_w.l(llushr.o)
    0x08000148   0x08000148   0x00000024   Code   RO         3481    .text               mc_w.l(memcpya.o)
    0x0800016c   0x0800016c   0x00000024   Code   RO         3483    .text               mc_w.l(memseta.o)
    0x08000190   0x08000190   0x00000018   Code   RO         3485    .text               mc_w.l(strcat.o)
    0x080001a8   0x080001a8   0x00000030   Code   RO         3487    .text               mc_w.l(strlcpy.o)
    0x080001d8   0x080001d8   0x0000014e   Code   RO         3752    .text               mf_w.l(dadd.o)
    0x08000326   0x08000326   0x000000e4   Code   RO         3754    .text               mf_w.l(dmul.o)
    0x0800040a   0x0800040a   0x000000de   Code   RO         3756    .text               mf_w.l(ddiv.o)
    0x080004e8   0x080004e8   0x0000002e   Code   RO         3758    .text               mf_w.l(dscalb.o)
    0x08000516   0x08000516   0x00000022   Code   RO         3760    .text               mf_w.l(dflti.o)
    0x08000538   0x08000538   0x0000002c   Code   RO         3809    .text               mc_w.l(uidiv.o)
    0x08000564   0x08000564   0x00000062   Code   RO         3811    .text               mc_w.l(uldiv.o)
    0x080005c6   0x080005c6   0x0000001e   Code   RO         3813    .text               mc_w.l(llshl.o)
    0x080005e4   0x080005e4   0x00000024   Code   RO         3815    .text               mc_w.l(llsshr.o)
    0x08000608   0x08000608   0x00000000   Code   RO         3824    .text               mc_w.l(iusefp.o)
    0x08000608   0x08000608   0x000000ba   Code   RO         3825    .text               mf_w.l(depilogue.o)
    0x080006c2   0x080006c2   0x00000030   Code   RO         3827    .text               mf_w.l(dfixul.o)
    0x080006f2   0x080006f2   0x00000002   PAD
    0x080006f4   0x080006f4   0x00000030   Code   RO         3829    .text               mf_w.l(cdrcmple.o)
    0x08000724   0x08000724   0x00000024   Code   RO         3835    .text               mc_w.l(init.o)
    0x08000748   0x08000748   0x0000001a   Code   RO         3839    .text               mf_w.l(dfltui.o)
    0x08000762   0x08000762   0x0000003e   Code   RO         3841    .text               mf_w.l(dfixi.o)
    0x080007a0   0x080007a0   0x00000056   Code   RO         3851    .text               mc_w.l(__dczerorl2.o)
    0x080007f6   0x080007f6   0x00000002   PAD
    0x080007f8   0x080007f8   0x00000020   Code   RO          250    i.BusFault_Handler  stm32f1xx_it.o
    0x08000818   0x08000818   0x00000004   Code   RO          503    i.CDC_Control_FS    usbd_cdc_if.o
    0x0800081c   0x0800081c   0x00000004   Code   RO          504    i.CDC_DeInit_FS     usbd_cdc_if.o
    0x08000820   0x08000820   0x00000024   Code   RO          505    i.CDC_Init_FS       usbd_cdc_if.o
    0x08000844   0x08000844   0x000001cc   Code   RO          506    i.CDC_Receive_FS    usbd_cdc_if.o
    0x08000a10   0x08000a10   0x0000002c   Code   RO          507    i.CDC_Transmit_FS   usbd_cdc_if.o
    0x08000a3c   0x08000a3c   0x00000002   Code   RO          251    i.DebugMon_Handler  stm32f1xx_it.o
    0x08000a3e   0x08000a3e   0x00000002   PAD
    0x08000a40   0x08000a40   0x00000020   Code   RO           13    i.Error_Handler     main.o
    0x08000a60   0x08000a60   0x00000046   Code   RO         1635    i.HAL_DMA_Abort     stm32f1xx_hal_dma.o
    0x08000aa6   0x08000aa6   0x00000002   PAD
    0x08000aa8   0x08000aa8   0x00000098   Code   RO         1636    i.HAL_DMA_Abort_IT  stm32f1xx_hal_dma.o
    0x08000b40   0x08000b40   0x00000024   Code   RO         1263    i.HAL_Delay         stm32f1xx_hal.o
    0x08000b64   0x08000b64   0x000001cc   Code   RO         1571    i.HAL_GPIO_Init     stm32f1xx_hal_gpio.o
    0x08000d30   0x08000d30   0x0000000a   Code   RO         1575    i.HAL_GPIO_WritePin  stm32f1xx_hal_gpio.o
    0x08000d3a   0x08000d3a   0x00000002   PAD
    0x08000d3c   0x08000d3c   0x0000000c   Code   RO         1267    i.HAL_GetTick       stm32f1xx_hal.o
    0x08000d48   0x08000d48   0x00000188   Code   RO         2242    i.HAL_I2C_Init      stm32f1xx_hal_i2c.o
    0x08000ed0   0x08000ed0   0x00000250   Code   RO         2260    i.HAL_I2C_Mem_Read  stm32f1xx_hal_i2c.o
    0x08001120   0x08001120   0x00000130   Code   RO         2263    i.HAL_I2C_Mem_Write  stm32f1xx_hal_i2c.o
    0x08001250   0x08001250   0x0000005c   Code   RO          339    i.HAL_I2C_MspInit   stm32f1xx_hal_msp.o
    0x080012ac   0x080012ac   0x00000010   Code   RO         1273    i.HAL_IncTick       stm32f1xx_hal.o
    0x080012bc   0x080012bc   0x00000024   Code   RO         1274    i.HAL_Init          stm32f1xx_hal.o
    0x080012e0   0x080012e0   0x00000040   Code   RO         1275    i.HAL_InitTick      stm32f1xx_hal.o
    0x08001320   0x08001320   0x00000038   Code   RO          340    i.HAL_MspInit       stm32f1xx_hal_msp.o
    0x08001358   0x08001358   0x0000008e   Code   RO         2706    i.HAL_MultiProcessor_Init  stm32f1xx_hal_uart.o
    0x080013e6   0x080013e6   0x0000001a   Code   RO         1731    i.HAL_NVIC_EnableIRQ  stm32f1xx_hal_cortex.o
    0x08001400   0x08001400   0x00000040   Code   RO         1737    i.HAL_NVIC_SetPriority  stm32f1xx_hal_cortex.o
    0x08001440   0x08001440   0x00000024   Code   RO         1738    i.HAL_NVIC_SetPriorityGrouping  stm32f1xx_hal_cortex.o
    0x08001464   0x08001464   0x0000003c   Code   RO         1036    i.HAL_PCDEx_PMAConfig  stm32f1xx_hal_pcd_ex.o
    0x080014a0   0x080014a0   0x00000002   Code   RO          555    i.HAL_PCDEx_SetConnectionState  usbd_conf.o
    0x080014a2   0x080014a2   0x00000012   Code   RO          557    i.HAL_PCD_DataInStageCallback  usbd_conf.o
    0x080014b4   0x080014b4   0x00000014   Code   RO          558    i.HAL_PCD_DataOutStageCallback  usbd_conf.o
    0x080014c8   0x080014c8   0x0000004c   Code   RO          812    i.HAL_PCD_EP_Close  stm32f1xx_hal_pcd.o
    0x08001514   0x08001514   0x0000005c   Code   RO          813    i.HAL_PCD_EP_ClrStall  stm32f1xx_hal_pcd.o
    0x08001570   0x08001570   0x000000e4   Code   RO          814    i.HAL_PCD_EP_DB_Receive  stm32f1xx_hal_pcd.o
    0x08001654   0x08001654   0x0000032c   Code   RO          815    i.HAL_PCD_EP_DB_Transmit  stm32f1xx_hal_pcd.o
    0x08001980   0x08001980   0x00000012   Code   RO          817    i.HAL_PCD_EP_GetRxCount  stm32f1xx_hal_pcd.o
    0x08001992   0x08001992   0x00000060   Code   RO          818    i.HAL_PCD_EP_Open   stm32f1xx_hal_pcd.o
    0x080019f2   0x080019f2   0x00000032   Code   RO          819    i.HAL_PCD_EP_Receive  stm32f1xx_hal_pcd.o
    0x08001a24   0x08001a24   0x00000072   Code   RO          820    i.HAL_PCD_EP_SetStall  stm32f1xx_hal_pcd.o
    0x08001a96   0x08001a96   0x00000034   Code   RO          821    i.HAL_PCD_EP_Transmit  stm32f1xx_hal_pcd.o
    0x08001aca   0x08001aca   0x00000154   Code   RO          823    i.HAL_PCD_IRQHandler  stm32f1xx_hal_pcd.o
    0x08001c1e   0x08001c1e   0x000000d8   Code   RO          826    i.HAL_PCD_Init      stm32f1xx_hal_pcd.o
    0x08001cf6   0x08001cf6   0x00000002   PAD
    0x08001cf8   0x08001cf8   0x0000003c   Code   RO          563    i.HAL_PCD_MspInit   usbd_conf.o
    0x08001d34   0x08001d34   0x00000026   Code   RO          564    i.HAL_PCD_ResetCallback  usbd_conf.o
    0x08001d5a   0x08001d5a   0x00000008   Code   RO          565    i.HAL_PCD_ResumeCallback  usbd_conf.o
    0x08001d62   0x08001d62   0x00000008   Code   RO          566    i.HAL_PCD_SOFCallback  usbd_conf.o
    0x08001d6a   0x08001d6a   0x00000028   Code   RO          832    i.HAL_PCD_SetAddress  stm32f1xx_hal_pcd.o
    0x08001d92   0x08001d92   0x0000000e   Code   RO          567    i.HAL_PCD_SetupStageCallback  usbd_conf.o
    0x08001da0   0x08001da0   0x00000032   Code   RO          834    i.HAL_PCD_Start     stm32f1xx_hal_pcd.o
    0x08001dd2   0x08001dd2   0x00000002   PAD
    0x08001dd4   0x08001dd4   0x00000024   Code   RO          568    i.HAL_PCD_SuspendCallback  usbd_conf.o
    0x08001df8   0x08001df8   0x000000e8   Code   RO         1534    i.HAL_RCCEx_PeriphCLKConfig  stm32f1xx_hal_rcc_ex.o
    0x08001ee0   0x08001ee0   0x00000138   Code   RO         1431    i.HAL_RCC_ClockConfig  stm32f1xx_hal_rcc.o
    0x08002018   0x08002018   0x00000020   Code   RO         1438    i.HAL_RCC_GetPCLK1Freq  stm32f1xx_hal_rcc.o
    0x08002038   0x08002038   0x00000020   Code   RO         1439    i.HAL_RCC_GetPCLK2Freq  stm32f1xx_hal_rcc.o
    0x08002058   0x08002058   0x0000006c   Code   RO         1440    i.HAL_RCC_GetSysClockFreq  stm32f1xx_hal_rcc.o
    0x080020c4   0x080020c4   0x00000318   Code   RO         1443    i.HAL_RCC_OscConfig  stm32f1xx_hal_rcc.o
    0x080023dc   0x080023dc   0x00000028   Code   RO         1742    i.HAL_SYSTICK_Config  stm32f1xx_hal_cortex.o
    0x08002404   0x08002404   0x00000002   Code   RO         2710    i.HAL_UARTEx_RxEventCallback  stm32f1xx_hal_uart.o
    0x08002406   0x08002406   0x00000002   Code   RO         2724    i.HAL_UART_ErrorCallback  stm32f1xx_hal_uart.o
    0x08002408   0x08002408   0x0000020c   Code   RO         2727    i.HAL_UART_IRQHandler  stm32f1xx_hal_uart.o
    0x08002614   0x08002614   0x00000080   Code   RO          342    i.HAL_UART_MspInit  stm32f1xx_hal_msp.o
    0x08002694   0x08002694   0x00000002   Code   RO         2734    i.HAL_UART_RxCpltCallback  stm32f1xx_hal_uart.o
    0x08002696   0x08002696   0x00000002   Code   RO         2739    i.HAL_UART_TxCpltCallback  stm32f1xx_hal_uart.o
    0x08002698   0x08002698   0x00000020   Code   RO          252    i.HardFault_Handler  stm32f1xx_it.o
    0x080026b8   0x080026b8   0x0000002e   Code   RO         2284    i.I2C_IsAcknowledgeFailed  stm32f1xx_hal_i2c.o
    0x080026e6   0x080026e6   0x00000002   PAD
    0x080026e8   0x080026e8   0x000000fc   Code   RO         2294    i.I2C_RequestMemoryRead  stm32f1xx_hal_i2c.o
    0x080027e4   0x080027e4   0x000000a8   Code   RO         2295    i.I2C_RequestMemoryWrite  stm32f1xx_hal_i2c.o
    0x0800288c   0x0800288c   0x0000004c   Code   RO         2299    i.I2C_WaitOnBTFFlagUntilTimeout  stm32f1xx_hal_i2c.o
    0x080028d8   0x080028d8   0x00000068   Code   RO         2300    i.I2C_WaitOnFlagUntilTimeout  stm32f1xx_hal_i2c.o
    0x08002940   0x08002940   0x00000098   Code   RO         2301    i.I2C_WaitOnMasterAddressFlagUntilTimeout  stm32f1xx_hal_i2c.o
    0x080029d8   0x080029d8   0x0000006a   Code   RO         2302    i.I2C_WaitOnRXNEFlagUntilTimeout  stm32f1xx_hal_i2c.o
    0x08002a42   0x08002a42   0x0000004c   Code   RO         2303    i.I2C_WaitOnTXEFlagUntilTimeout  stm32f1xx_hal_i2c.o
    0x08002a8e   0x08002a8e   0x00000036   Code   RO          417    i.IntToUnicode      usbd_desc.o
    0x08002ac4   0x08002ac4   0x00000070   Code   RO           14    i.MX_GPIO_Init      main.o
    0x08002b34   0x08002b34   0x0000003c   Code   RO           15    i.MX_I2C1_Init      main.o
    0x08002b70   0x08002b70   0x00000054   Code   RO          386    i.MX_USB_DEVICE_Init  usb_device.o
    0x08002bc4   0x08002bc4   0x00000002   Code   RO          253    i.MemManage_Handler  stm32f1xx_it.o
    0x08002bc6   0x08002bc6   0x00000002   Code   RO          254    i.NMI_Handler       stm32f1xx_it.o
    0x08002bc8   0x08002bc8   0x00000300   Code   RO          838    i.PCD_EP_ISR_Handler  stm32f1xx_hal_pcd.o
    0x08002ec8   0x08002ec8   0x00000002   Code   RO          255    i.PendSV_Handler    stm32f1xx_it.o
    0x08002eca   0x08002eca   0x00000002   Code   RO          256    i.SVC_Handler       stm32f1xx_it.o
    0x08002ecc   0x08002ecc   0x00000004   Code   RO          257    i.SysTick_Handler   stm32f1xx_it.o
    0x08002ed0   0x08002ed0   0x0000006c   Code   RO           16    i.SystemClock_Config  main.o
    0x08002f3c   0x08002f3c   0x00000002   Code   RO         3057    i.SystemInit        system_stm32f1xx.o
    0x08002f3e   0x08002f3e   0x00000010   Code   RO         2741    i.UART_DMAAbortOnError  stm32f1xx_hal_uart.o
    0x08002f4e   0x08002f4e   0x00000030   Code   RO         2751    i.UART_EndRxTransfer  stm32f1xx_hal_uart.o
    0x08002f7e   0x08002f7e   0x000000b6   Code   RO         2753    i.UART_Receive_IT   stm32f1xx_hal_uart.o
    0x08003034   0x08003034   0x000000b8   Code   RO         2754    i.UART_SetConfig    stm32f1xx_hal_uart.o
    0x080030ec   0x080030ec   0x0000000c   Code   RO          258    i.USART1_IRQHandler  stm32f1xx_it.o
    0x080030f8   0x080030f8   0x00000046   Code   RO         3357    i.USBD_CDC_DataIn   usbd_cdc.o
    0x0800313e   0x0800313e   0x0000002e   Code   RO         3358    i.USBD_CDC_DataOut  usbd_cdc.o
    0x0800316c   0x0800316c   0x00000044   Code   RO         3359    i.USBD_CDC_DeInit   usbd_cdc.o
    0x080031b0   0x080031b0   0x00000024   Code   RO         3360    i.USBD_CDC_EP0_RxReady  usbd_cdc.o
    0x080031d4   0x080031d4   0x0000000c   Code   RO         3361    i.USBD_CDC_GetDeviceQualifierDescriptor  usbd_cdc.o
    0x080031e0   0x080031e0   0x0000000c   Code   RO         3362    i.USBD_CDC_GetFSCfgDesc  usbd_cdc.o
    0x080031ec   0x080031ec   0x0000000c   Code   RO         3363    i.USBD_CDC_GetHSCfgDesc  usbd_cdc.o
    0x080031f8   0x080031f8   0x0000000c   Code   RO         3364    i.USBD_CDC_GetOtherSpeedCfgDesc  usbd_cdc.o
    0x08003204   0x08003204   0x00000094   Code   RO         3365    i.USBD_CDC_Init     usbd_cdc.o
    0x08003298   0x08003298   0x00000028   Code   RO         3366    i.USBD_CDC_ReceivePacket  usbd_cdc.o
    0x080032c0   0x080032c0   0x00000010   Code   RO         3367    i.USBD_CDC_RegisterInterface  usbd_cdc.o
    0x080032d0   0x080032d0   0x0000000c   Code   RO         3368    i.USBD_CDC_SetRxBuffer  usbd_cdc.o
    0x080032dc   0x080032dc   0x00000010   Code   RO         3369    i.USBD_CDC_SetTxBuffer  usbd_cdc.o
    0x080032ec   0x080032ec   0x000000ac   Code   RO         3370    i.USBD_CDC_Setup    usbd_cdc.o
    0x08003398   0x08003398   0x00000036   Code   RO         3371    i.USBD_CDC_TransmitPacket  usbd_cdc.o
    0x080033ce   0x080033ce   0x0000000e   Code   RO         3094    i.USBD_ClrClassConfig  usbd_core.o
    0x080033dc   0x080033dc   0x00000010   Code   RO         3297    i.USBD_CtlContinueRx  usbd_ioreq.o
    0x080033ec   0x080033ec   0x00000010   Code   RO         3298    i.USBD_CtlContinueSendData  usbd_ioreq.o
    0x080033fc   0x080033fc   0x00000016   Code   RO         3232    i.USBD_CtlError     usbd_ctlreq.o
    0x08003412   0x08003412   0x0000001e   Code   RO         3299    i.USBD_CtlPrepareRx  usbd_ioreq.o
    0x08003430   0x08003430   0x00000016   Code   RO         3300    i.USBD_CtlReceiveStatus  usbd_ioreq.o
    0x08003446   0x08003446   0x0000001a   Code   RO         3301    i.USBD_CtlSendData  usbd_ioreq.o
    0x08003460   0x08003460   0x00000016   Code   RO         3302    i.USBD_CtlSendStatus  usbd_ioreq.o
    0x08003476   0x08003476   0x00000002   PAD
    0x08003478   0x08003478   0x00000020   Code   RO          418    i.USBD_FS_ConfigStrDescriptor  usbd_desc.o
    0x08003498   0x08003498   0x0000000c   Code   RO          419    i.USBD_FS_DeviceDescriptor  usbd_desc.o
    0x080034a4   0x080034a4   0x00000024   Code   RO          420    i.USBD_FS_InterfaceStrDescriptor  usbd_desc.o
    0x080034c8   0x080034c8   0x0000000c   Code   RO          421    i.USBD_FS_LangIDStrDescriptor  usbd_desc.o
    0x080034d4   0x080034d4   0x00000028   Code   RO          422    i.USBD_FS_ManufacturerStrDescriptor  usbd_desc.o
    0x080034fc   0x080034fc   0x0000002c   Code   RO          423    i.USBD_FS_ProductStrDescriptor  usbd_desc.o
    0x08003528   0x08003528   0x00000038   Code   RO          424    i.USBD_FS_SerialStrDescriptor  usbd_desc.o
    0x08003560   0x08003560   0x000000e8   Code   RO         3233    i.USBD_GetDescriptor  usbd_ctlreq.o
    0x08003648   0x08003648   0x00000048   Code   RO         3234    i.USBD_GetString    usbd_ctlreq.o
    0x08003690   0x08003690   0x00000018   Code   RO          569    i.USBD_Get_USB_Status  usbd_conf.o
    0x080036a8   0x080036a8   0x0000002a   Code   RO         3096    i.USBD_Init         usbd_core.o
    0x080036d2   0x080036d2   0x00000012   Code   RO          570    i.USBD_LL_ClearStallEP  usbd_conf.o
    0x080036e4   0x080036e4   0x00000012   Code   RO          571    i.USBD_LL_CloseEP   usbd_conf.o
    0x080036f6   0x080036f6   0x000000c6   Code   RO         3097    i.USBD_LL_DataInStage  usbd_core.o
    0x080037bc   0x080037bc   0x00000082   Code   RO         3098    i.USBD_LL_DataOutStage  usbd_core.o
    0x0800383e   0x0800383e   0x00000008   Code   RO          575    i.USBD_LL_GetRxDataSize  usbd_conf.o
    0x08003846   0x08003846   0x00000002   PAD
    0x08003848   0x08003848   0x00000080   Code   RO          576    i.USBD_LL_Init      usbd_conf.o
    0x080038c8   0x080038c8   0x00000020   Code   RO          577    i.USBD_LL_IsStallEP  usbd_conf.o
    0x080038e8   0x080038e8   0x00000018   Code   RO          578    i.USBD_LL_OpenEP    usbd_conf.o
    0x08003900   0x08003900   0x00000012   Code   RO          579    i.USBD_LL_PrepareReceive  usbd_conf.o
    0x08003912   0x08003912   0x00000050   Code   RO         3103    i.USBD_LL_Reset     usbd_core.o
    0x08003962   0x08003962   0x00000014   Code   RO         3104    i.USBD_LL_Resume    usbd_core.o
    0x08003976   0x08003976   0x00000018   Code   RO         3105    i.USBD_LL_SOF       usbd_core.o
    0x0800398e   0x0800398e   0x00000006   Code   RO         3106    i.USBD_LL_SetSpeed  usbd_core.o
    0x08003994   0x08003994   0x00000012   Code   RO          580    i.USBD_LL_SetUSBAddress  usbd_conf.o
    0x080039a6   0x080039a6   0x0000005a   Code   RO         3107    i.USBD_LL_SetupStage  usbd_core.o
    0x08003a00   0x08003a00   0x00000012   Code   RO          581    i.USBD_LL_StallEP   usbd_conf.o
    0x08003a12   0x08003a12   0x00000012   Code   RO          582    i.USBD_LL_Start     usbd_conf.o
    0x08003a24   0x08003a24   0x00000012   Code   RO         3108    i.USBD_LL_Suspend   usbd_core.o
    0x08003a36   0x08003a36   0x00000012   Code   RO          584    i.USBD_LL_Transmit  usbd_conf.o
    0x08003a48   0x08003a48   0x00000028   Code   RO         3235    i.USBD_ParseSetupRequest  usbd_ctlreq.o
    0x08003a70   0x08003a70   0x00000010   Code   RO         3109    i.USBD_RegisterClass  usbd_core.o
    0x08003a80   0x08003a80   0x00000016   Code   RO         3111    i.USBD_SetClassConfig  usbd_core.o
    0x08003a96   0x08003a96   0x00000002   PAD
    0x08003a98   0x08003a98   0x00000084   Code   RO         3236    i.USBD_SetConfig    usbd_ctlreq.o
    0x08003b1c   0x08003b1c   0x0000000a   Code   RO         3112    i.USBD_Start        usbd_core.o
    0x08003b26   0x08003b26   0x00000112   Code   RO         3237    i.USBD_StdDevReq    usbd_ctlreq.o
    0x08003c38   0x08003c38   0x00000150   Code   RO         3238    i.USBD_StdEPReq     usbd_ctlreq.o
    0x08003d88   0x08003d88   0x0000004e   Code   RO         3239    i.USBD_StdItfReq    usbd_ctlreq.o
    0x08003dd6   0x08003dd6   0x00000002   Code   RO          585    i.USBD_static_free  usbd_conf.o
    0x08003dd8   0x08003dd8   0x00000008   Code   RO          586    i.USBD_static_malloc  usbd_conf.o
    0x08003de0   0x08003de0   0x00000272   Code   RO         1076    i.USB_ActivateEndpoint  stm32f1xx_ll_usb.o
    0x08004052   0x08004052   0x00000004   Code   RO         1079    i.USB_CoreInit      stm32f1xx_ll_usb.o
    0x08004056   0x08004056   0x00000110   Code   RO         1081    i.USB_DeactivateEndpoint  stm32f1xx_ll_usb.o
    0x08004166   0x08004166   0x00000004   Code   RO         1082    i.USB_DevConnect    stm32f1xx_ll_usb.o
    0x0800416a   0x0800416a   0x00000004   Code   RO         1083    i.USB_DevDisconnect  stm32f1xx_ll_usb.o
    0x0800416e   0x0800416e   0x00000012   Code   RO         1084    i.USB_DevInit       stm32f1xx_ll_usb.o
    0x08004180   0x08004180   0x0000000e   Code   RO         1085    i.USB_DisableGlobalInt  stm32f1xx_ll_usb.o
    0x0800418e   0x0800418e   0x00000004   Code   RO         1086    i.USB_EP0_OutStart  stm32f1xx_ll_usb.o
    0x08004192   0x08004192   0x00000074   Code   RO         1087    i.USB_EPClearStall  stm32f1xx_ll_usb.o
    0x08004206   0x08004206   0x00000032   Code   RO         1088    i.USB_EPSetStall    stm32f1xx_ll_usb.o
    0x08004238   0x08004238   0x00000608   Code   RO         1089    i.USB_EPStartXfer   stm32f1xx_ll_usb.o
    0x08004840   0x08004840   0x00000012   Code   RO         1090    i.USB_EnableGlobalInt  stm32f1xx_ll_usb.o
    0x08004852   0x08004852   0x00000002   PAD
    0x08004854   0x08004854   0x0000000c   Code   RO          259    i.USB_LP_CAN1_RX0_IRQHandler  stm32f1xx_it.o
    0x08004860   0x08004860   0x00000006   Code   RO         1097    i.USB_ReadInterrupts  stm32f1xx_ll_usb.o
    0x08004866   0x08004866   0x0000002a   Code   RO         1098    i.USB_ReadPMA       stm32f1xx_ll_usb.o
    0x08004890   0x08004890   0x00000004   Code   RO         1099    i.USB_SetCurrentMode  stm32f1xx_ll_usb.o
    0x08004894   0x08004894   0x0000000c   Code   RO         1100    i.USB_SetDevAddress  stm32f1xx_ll_usb.o
    0x080048a0   0x080048a0   0x00000026   Code   RO         1102    i.USB_WritePMA      stm32f1xx_ll_usb.o
    0x080048c6   0x080048c6   0x00000002   PAD
    0x080048c8   0x080048c8   0x000000a8   Code   RO           17    i.USB_tx            main.o
    0x08004970   0x08004970   0x00000020   Code   RO          260    i.UsageFault_Handler  stm32f1xx_it.o
    0x08004990   0x08004990   0x00000034   Code   RO         3725    i.__0snprintf       mc_w.l(printfa.o)
    0x080049c4   0x080049c4   0x00000028   Code   RO         3831    i.__ARM_fpclassify  m_ws.l(fpclassify.o)
    0x080049ec   0x080049ec   0x00000020   Code   RO         1744    i.__NVIC_SetPriority  stm32f1xx_hal_cortex.o
    0x08004a0c   0x08004a0c   0x00000388   Code   RO         3779    i.__ieee754_rem_pio2  m_ws.l(rred.o)
    0x08004d94   0x08004d94   0x000000fc   Code   RO         3762    i.__kernel_cos      m_ws.l(cos_i.o)
    0x08004e90   0x08004e90   0x000000aa   Code   RO         3833    i.__kernel_poly     m_ws.l(poly.o)
    0x08004f3a   0x08004f3a   0x00000002   PAD
    0x08004f3c   0x08004f3c   0x000000ec   Code   RO         3784    i.__kernel_sin      m_ws.l(sin_i.o)
    0x08005028   0x08005028   0x00000006   Code   RO         3766    i.__mathlib_dbl_infnan  m_ws.l(dunder.o)
    0x0800502e   0x0800502e   0x0000000c   Code   RO         3768    i.__mathlib_dbl_invalid  m_ws.l(dunder.o)
    0x0800503a   0x0800503a   0x00000002   PAD
    0x0800503c   0x0800503c   0x00000010   Code   RO         3771    i.__mathlib_dbl_underflow  m_ws.l(dunder.o)
    0x0800504c   0x0800504c   0x0000000e   Code   RO         3845    i.__scatterload_copy  mc_w.l(handlers.o)
    0x0800505a   0x0800505a   0x00000002   Code   RO         3846    i.__scatterload_null  mc_w.l(handlers.o)
    0x0800505c   0x0800505c   0x0000000e   Code   RO         3847    i.__scatterload_zeroinit  mc_w.l(handlers.o)
    0x0800506a   0x0800506a   0x00000002   PAD
    0x0800506c   0x0800506c   0x0000000c   Code   RO         3819    i.__set_errno       mc_w.l(errno.o)
    0x08005078   0x08005078   0x00000184   Code   RO         3731    i._fp_digits        mc_w.l(printfa.o)
    0x080051fc   0x080051fc   0x000006b4   Code   RO         3732    i._printf_core      mc_w.l(printfa.o)
    0x080058b0   0x080058b0   0x00000024   Code   RO         3733    i._printf_post_padding  mc_w.l(printfa.o)
    0x080058d4   0x080058d4   0x0000002e   Code   RO         3734    i._printf_pre_padding  mc_w.l(printfa.o)
    0x08005902   0x08005902   0x00000016   Code   RO         3735    i._snputc           mc_w.l(printfa.o)
    0x08005918   0x08005918   0x00000016   Code   RO           18    i.calculate_CheckSum  main.o
    0x0800592e   0x0800592e   0x00000002   PAD
    0x08005930   0x08005930   0x0000009c   Code   RO         3461    i.cos               m_ws.l(cos.o)
    0x080059cc   0x080059cc   0x00000074   Code   RO           19    i.dane              main.o
    0x08005a40   0x08005a40   0x000000f0   Code   RO           20    i.main              main.o
    0x08005b30   0x08005b30   0x00000254   Code   RO           21    i.obliczenia        main.o
    0x08005d84   0x08005d84   0x0000009c   Code   RO           22    i.pomiar            main.o
    0x08005e20   0x08005e20   0x00000014   Code   RO           23    i.rozmiar           main.o
    0x08005e34   0x08005e34   0x00000074   Code   RO           24    i.scan              main.o
    0x08005ea8   0x08005ea8   0x000000a0   Code   RO         3469    i.sin               m_ws.l(sin.o)
    0x08005f48   0x08005f48   0x00000014   Code   RO           25    i.zeruj             main.o
    0x08005f5c   0x08005f5c   0x00000010   Code   RO           26    i.zeruj2            main.o
    0x08005f6c   0x08005f6c   0x00000010   Data   RO         3058    .constdata          system_stm32f1xx.o
    0x08005f7c   0x08005f7c   0x00000008   Data   RO         3059    .constdata          system_stm32f1xx.o
    0x08005f84   0x08005f84   0x00000004   PAD
    0x08005f88   0x08005f88   0x00000030   Data   RO         3763    .constdata          m_ws.l(cos_i.o)
    0x08005fb8   0x08005fb8   0x000000c8   Data   RO         3781    .constdata          m_ws.l(rred.o)
    0x08006080   0x08006080   0x00000028   Data   RO         3785    .constdata          m_ws.l(sin_i.o)
    0x080060a8   0x080060a8   0x00000020   Data   RO         3843    Region$$Table       anon$$obj.o


    Execution Region RW_IRAM1 (Exec base: 0x20000000, Load base: 0x080060c8, Size: 0x00001308, Max: 0x00005000, ABSOLUTE, COMPRESSED[0x000000f0])

    Exec Addr    Load Addr    Size         Type   Attr      Idx    E Section Name        Object

    0x20000000   COMPRESSED   0x0000009c   Data   RW           28    .data               main.o
    0x2000009c   COMPRESSED   0x0000001c   Data   RW          426    .data               usbd_desc.o
    0x200000b8   COMPRESSED   0x00000032   Data   RW          427    .data               usbd_desc.o
    0x200000ea   COMPRESSED   0x00000002   PAD
    0x200000ec   COMPRESSED   0x00000010   Data   RW          509    .data               usbd_cdc_if.o
    0x200000fc   COMPRESSED   0x00000010   Data   RW          510    .data               usbd_cdc_if.o
    0x2000010c   COMPRESSED   0x0000000c   Data   RW         1281    .data               stm32f1xx_hal.o
    0x20000118   COMPRESSED   0x00000004   Data   RW         3060    .data               system_stm32f1xx.o
    0x2000011c   COMPRESSED   0x00000001   Data   RW         3240    .data               usbd_ctlreq.o
    0x2000011d   COMPRESSED   0x00000003   PAD
    0x20000120   COMPRESSED   0x000000d7   Data   RW         3372    .data               usbd_cdc.o
    0x200001f7   COMPRESSED   0x00000001   PAD
    0x200001f8   COMPRESSED   0x00000038   Data   RW         3373    .data               usbd_cdc.o
    0x20000230   COMPRESSED   0x00000004   Data   RW         3820    .data               mc_w.l(errno.o)
    0x20000234   COMPRESSED   0x00000004   PAD
    0x20000238        -       0x00000216   Zero   RW           27    .bss                main.o
    0x2000044e   COMPRESSED   0x00000002   PAD
    0x20000450        -       0x000002c4   Zero   RW          387    .bss                usb_device.o
    0x20000714        -       0x00000200   Zero   RW          425    .bss                usbd_desc.o
    0x20000914        -       0x000000e4   Zero   RW          508    .bss                usbd_cdc_if.o
    0x200009f8        -       0x0000050c   Zero   RW          587    .bss                usbd_conf.o
    0x20000f04   COMPRESSED   0x00000004   PAD
    0x20000f08        -       0x00000400   Zero   RW            1    STACK               startup_stm32f103xb.o


==============================================================================

Image component sizes


      Code (inc. data)   RO Data    RW Data    ZI Data      Debug   Object Name

      1782        138          0        156        534     430070   main.o
        36          8        236          0       1024        792   startup_stm32f103xb.o
       164         28          0         12          0       5805   stm32f1xx_hal.o
       198         14          0          0          0      28831   stm32f1xx_hal_cortex.o
       222          4          0          0          0       1735   stm32f1xx_hal_dma.o
       470         34          0          0          0       2808   stm32f1xx_hal_gpio.o
      2268         56          0          0          0      12622   stm32f1xx_hal_i2c.o
       276         32          0          0          0       2203   stm32f1xx_hal_msp.o
      2952          0          0          0          0      14373   stm32f1xx_hal_pcd.o
        60          0          0          0          0       1150   stm32f1xx_hal_pcd_ex.o
      1276        100          0          0          0       5264   stm32f1xx_hal_rcc.o
       232         12          0          0          0       1412   stm32f1xx_hal_rcc_ex.o
      1104         10          0          0          0       7734   stm32f1xx_hal_uart.o
       134         30          0          0          0       4671   stm32f1xx_it.o
      2776          0          0          0          0      18127   stm32f1xx_ll_usb.o
         2          0         24          4          0       1083   system_stm32f1xx.o
        84         18          0          0        708        768   usb_device.o
       726         16          0        271          0      12870   usbd_cdc.o
       548         96          0         32        228       4098   usbd_cdc_if.o
       556         30          0          0       1292      13993   usbd_conf.o
       670          0          0          0          0       9295   usbd_core.o
      1186         28          0          1          0       7980   usbd_ctlreq.o
       286        104          0         78        512       5921   usbd_desc.o
       132          0          0          0          0       4240   usbd_ioreq.o

    ----------------------------------------------------------------------
     18164        758        296        560       4304     597845   Object Totals
         0          0         32          0          0          0   (incl. Generated)
        24          0          4          6          6          0   (incl. Padding)

    ----------------------------------------------------------------------

      Code (inc. data)   RO Data    RW Data    ZI Data      Debug   Library Member Name

       156          8          0          0          0        104   cos.o
       252         22         48          0          0        124   cos_i.o
        34          6          0          0          0        204   dunder.o
        40          0          0          0          0         68   fpclassify.o
       170          0          0          0          0         96   poly.o
       904         76        200          0          0        140   rred.o
       160         10          0          0          0        108   sin.o
       236         12         40          0          0        128   sin_i.o
        86          0          0          0          0          0   __dczerorl2.o
         0          0          0          0          0          0   entry.o
         0          0          0          0          0          0   entry10a.o
         0          0          0          0          0          0   entry11a.o
         4          0          0          0          0          0   entry12b.o
         8          4          0          0          0          0   entry2.o
         4          0          0          0          0          0   entry5.o
         0          0          0          0          0          0   entry7b.o
         0          0          0          0          0          0   entry8b.o
         8          4          0          0          0          0   entry9a.o
        12          6          0          4          0         68   errno.o
        30          0          0          0          0          0   handlers.o
        36          8          0          0          0         68   init.o
         0          0          0          0          0          0   iusefp.o
        30          0          0          0          0         68   llshl.o
        36          0          0          0          0         68   llsshr.o
        32          0          0          0          0         68   llushr.o
        36          0          0          0          0         68   memcpya.o
        36          0          0          0          0        108   memseta.o
      2260         84          0          0          0        536   printfa.o
        24          0          0          0          0         68   strcat.o
        48          0          0          0          0         76   strlcpy.o
        44          0          0          0          0         80   uidiv.o
        98          0          0          0          0         92   uldiv.o
        48          0          0          0          0         68   cdrcmple.o
       334          0          0          0          0        148   dadd.o
       222          0          0          0          0        100   ddiv.o
       186          0          0          0          0        176   depilogue.o
        62          0          0          0          0         80   dfixi.o
        48          0          0          0          0         68   dfixul.o
        34          0          0          0          0         76   dflti.o
        26          0          0          0          0         76   dfltui.o
       228          0          0          0          0         96   dmul.o
        46          0          0          0          0         80   dscalb.o

    ----------------------------------------------------------------------
      6028        240        288          4          4       3308   Library Totals
        10          0          0          0          4          0   (incl. Padding)

    ----------------------------------------------------------------------

      Code (inc. data)   RO Data    RW Data    ZI Data      Debug   Library Name

      1952        134        288          0          0        972   m_ws.l
      2832        106          0          4          0       1368   mc_w.l
      1234          0          0          0          0        968   mf_w.l

    ----------------------------------------------------------------------
      6028        240        288          4          4       3308   Library Totals

    ----------------------------------------------------------------------

==============================================================================


      Code (inc. data)   RO Data    RW Data    ZI Data      Debug   

     24192        998        584        564       4308     590413   Grand Totals
     24192        998        584        240       4308     590413   ELF Image Totals (compressed)
     24192        998        584        240          0          0   ROM Totals

==============================================================================

    Total RO  Size (Code + RO Data)                24776 (  24.20kB)
    Total RW  Size (RW Data + ZI Data)              4872 (   4.76kB)
    Total ROM Size (Code + RO Data + RW Data)      25016 (  24.43kB)

==============================================================================

